Component: Arm Compiler for Embedded 6.22 Tool: armlink [5ee90200]

==============================================================================

Section Cross References

    comunication.o(.text.COM_Conf) refers to main.o(.data.pC) for pC
    comunication.o(.text.COM_Conf) refers to comunication.o(.text.__NVIC_EnableIRQ) for __NVIC_EnableIRQ
    comunication.o(.ARM.exidx.text.COM_Conf) refers to comunication.o(.text.COM_Conf) for [Anonymous Symbol]
    comunication.o(.ARM.exidx.text.__NVIC_EnableIRQ) refers to comunication.o(.text.__NVIC_EnableIRQ) for [Anonymous Symbol]
    comunication.o(.ARM.exidx.text.ClearStr) refers to comunication.o(.text.ClearStr) for [Anonymous Symbol]
    comunication.o(.ARM.exidx.text.crc16) refers to comunication.o(.text.crc16) for [Anonymous Symbol]
    comunication.o(.text.COM_SendToHost) refers to main.o(.data.pC) for pC
    comunication.o(.text.COM_SendToHost) refers to comunication.o(.text.COM_SendNewRulesConfirmation) for COM_SendNewRulesConfirmation
    comunication.o(.text.COM_SendToHost) refers to comunication.o(.text.COM_SendOutputs) for COM_SendOutputs
    comunication.o(.ARM.exidx.text.COM_SendToHost) refers to comunication.o(.text.COM_SendToHost) for [Anonymous Symbol]
    comunication.o(.text.COM_SendNewRulesConfirmation) refers to main.o(.data.pC) for pC
    comunication.o(.text.COM_SendNewRulesConfirmation) refers to comunication.o(.text.ClearStr) for ClearStr
    comunication.o(.text.COM_SendNewRulesConfirmation) refers to comunication.o(.text.crc16) for crc16
    comunication.o(.ARM.exidx.text.COM_SendNewRulesConfirmation) refers to comunication.o(.text.COM_SendNewRulesConfirmation) for [Anonymous Symbol]
    comunication.o(.text.COM_SendOutputs) refers to main.o(.data.pC) for pC
    comunication.o(.text.COM_SendOutputs) refers to comunication.o(.text.ClearStr) for ClearStr
    comunication.o(.text.COM_SendOutputs) refers to comunication.o(.text.crc16) for crc16
    comunication.o(.ARM.exidx.text.COM_SendOutputs) refers to comunication.o(.text.COM_SendOutputs) for [Anonymous Symbol]
    comunication.o(.text.USART1_IRQHandler) refers to comunication.o(.text.COM_ReadFromHost) for COM_ReadFromHost
    comunication.o(.ARM.exidx.text.USART1_IRQHandler) refers to comunication.o(.text.USART1_IRQHandler) for [Anonymous Symbol]
    comunication.o(.text.COM_ReadFromHost) refers to main.o(.data.pC) for pC
    comunication.o(.text.COM_ReadFromHost) refers to comunication.o(.text.COM_ReadSetOutputs) for COM_ReadSetOutputs
    comunication.o(.text.COM_ReadFromHost) refers to comunication.o(.text.COM_ReadSetInputs) for COM_ReadSetInputs
    comunication.o(.text.COM_ReadFromHost) refers to comunication.o(.text.COM_ReadNewRules) for COM_ReadNewRules
    comunication.o(.text.COM_ReadFromHost) refers to comunication.o(.text.COM_SendOutputs) for COM_SendOutputs
    comunication.o(.ARM.exidx.text.COM_ReadFromHost) refers to comunication.o(.text.COM_ReadFromHost) for [Anonymous Symbol]
    comunication.o(.text.USART6_IRQHandler) refers to comunication.o(.text.COM_ReadFromHost) for COM_ReadFromHost
    comunication.o(.ARM.exidx.text.USART6_IRQHandler) refers to comunication.o(.text.USART6_IRQHandler) for [Anonymous Symbol]
    comunication.o(.text.COM_ReadSetOutputs) refers to comunication.o(.text.crc16) for crc16
    comunication.o(.text.COM_ReadSetOutputs) refers to main.o(.data.pC) for pC
    comunication.o(.text.COM_ReadSetOutputs) refers to comunication.o(.text.ClearStr) for ClearStr
    comunication.o(.ARM.exidx.text.COM_ReadSetOutputs) refers to comunication.o(.text.COM_ReadSetOutputs) for [Anonymous Symbol]
    comunication.o(.text.COM_ReadSetInputs) refers to comunication.o(.text.crc16) for crc16
    comunication.o(.text.COM_ReadSetInputs) refers to main.o(.data.pC) for pC
    comunication.o(.text.COM_ReadSetInputs) refers to comunication.o(.text.ClearStr) for ClearStr
    comunication.o(.ARM.exidx.text.COM_ReadSetInputs) refers to comunication.o(.text.COM_ReadSetInputs) for [Anonymous Symbol]
    comunication.o(.text.COM_ReadNewRules) refers to comunication.o(.text.crc16) for crc16
    comunication.o(.text.COM_ReadNewRules) refers to main.o(.data.pC) for pC
    comunication.o(.text.COM_ReadNewRules) refers to control.o(.text.Control_WriteRulesToEeprom) for Control_WriteRulesToEeprom
    comunication.o(.text.COM_ReadNewRules) refers to comunication.o(.text.ClearStr) for ClearStr
    comunication.o(.ARM.exidx.text.COM_ReadNewRules) refers to comunication.o(.text.COM_ReadNewRules) for [Anonymous Symbol]
    control.o(.text.Control_WriteBackup) refers to main.o(.data.pC) for pC
    control.o(.ARM.exidx.text.Control_WriteBackup) refers to control.o(.text.Control_WriteBackup) for [Anonymous Symbol]
    control.o(.text.Control_ReadBackup) refers to main.o(.data.pC) for pC
    control.o(.ARM.exidx.text.Control_ReadBackup) refers to control.o(.text.Control_ReadBackup) for [Anonymous Symbol]
[...]
    input.o(.ARM.exidx.text.Inputs_ChangeTempState) refers to input.o(.text.Inputs_ChangeTempState) for [Anonymous Symbol]
    main.o(.text.main) refers to control.o(.text.Control_Conf) for Control_Conf
    main.o(.text.main) refers to output.o(.text.Outputs_Conf) for Outputs_Conf
    main.o(.text.main) refers to input.o(.text.Inputs_Conf) for Inputs_Conf
    main.o(.text.main) refers to comunication.o(.text.COM_Conf) for COM_Conf
    main.o(.text.main) refers to control.o(.text.delay_ms) for delay_ms
    main.o(.text.main) refers to eeprom.o(.text.EE_Init) for EE_Init
    main.o(.text.main) refers to control.o(.text.Control_ReadRulesFromEeprom) for Control_ReadRulesFromEeprom
    main.o(.text.main) refers to output.o(.text.Rule_Act) for Rule_Act
    main.o(.text.main) refers to comunication.o(.text.COM_SendToHost) for COM_SendToHost
    main.o(.ARM.exidx.text.main) refers to main.o(.text.main) for [Anonymous Symbol]
    main.o(.data.pC) refers to main.o(.bss.Control) for Control
    output.o(.ARM.exidx.text.Outputs_AllSlavesHigh) refers to output.o(.text.Outputs_AllSlavesHigh) for [Anonymous Symbol]
    output.o(.ARM.exidx.text.Outputs_SendByte) refers to output.o(.text.Outputs_SendByte) for [Anonymous Symbol]
    output.o(.text.Outputs_SelectSlave) refers to output.o(.text.Outputs_AllSlavesHigh) for Outputs_AllSlavesHigh
    output.o(.ARM.exidx.text.Outputs_SelectSlave) refers to output.o(.text.Outputs_SelectSlave) for [Anonymous Symbol]
    output.o(.text.Outputs_Conf) refers to output.o(.text.Outputs_AllSlavesHigh) for Outputs_AllSlavesHigh
    output.o(.text.Outputs_Conf) refers to output.o(.text.Outputs_WriteToOneRegOfOneSlave) for Outputs_WriteToOneRegOfOneSlave
    output.o(.ARM.exidx.text.Outputs_Conf) refers to output.o(.text.Outputs_Conf) for [Anonymous Symbol]
    output.o(.text.Outputs_WriteToOneRegOfOneSlave) refers to output.o(.text.Outputs_SelectSlave) for Outputs_SelectSlave
    output.o(.text.Outputs_WriteToOneRegOfOneSlave) refers to output.o(.text.Outputs_SendByte) for Outputs_SendByte
    output.o(.text.Outputs_WriteToOneRegOfOneSlave) refers to output.o(.text.Outputs_AllSlavesHigh) for Outputs_AllSlavesHigh
    output.o(.ARM.exidx.text.Outputs_WriteToOneRegOfOneSlave) refers to output.o(.text.Outputs_WriteToOneRegOfOneSlave) for [Anonymous Symbol]
    output.o(.text.Outputs_Write) refers to output.o(.text.Outputs_ChangeState) for Outputs_ChangeState
    output.o(.text.Outputs_Write) refers to main.o(.data.pC) for pC
    output.o(.text.Outputs_Write) refers to output.o(.text.Outputs_WriteToOneRegOfOneSlave) for Outputs_WriteToOneRegOfOneSlave
    output.o(.ARM.exidx.text.Outputs_Write) refers to output.o(.text.Outputs_Write) for [Anonymous Symbol]
    output.o(.text.Outputs_ChangeState) refers to main.o(.data.pC) for pC
    output.o(.ARM.exidx.text.Outputs_ChangeState) refers to output.o(.text.Outputs_ChangeState) for [Anonymous Symbol]
    output.o(.text.Rule_Act) refers to main.o(.data.pC) for pC
    output.o(.ARM.exidx.text.Rule_Act) refers to output.o(.text.Rule_Act) for [Anonymous Symbol]
    startup_stm32f407xx.o(STACK) refers (Special) to heapauxi.o(.text) for __use_two_region_memory
    startup_stm32f407xx.o(HEAP) refers (Special) to heapauxi.o(.text) for __use_two_region_memory
    startup_stm32f407xx.o(RESET) refers (Special) to heapauxi.o(.text) for __use_two_region_memory
    startup_stm32f407xx.o(RESET) refers to startup_stm32f407xx.o(STACK) for __initial_sp
    startup_stm32f407xx.o(RESET) refers to startup_stm32f407xx.o(.text) for Reset_Handler
    startup_stm32f407xx.o(RESET) refers to control.o(.text.SysTick_Handler) for SysTick_Handler
    startup_stm32f407xx.o(RESET) refers to comunication.o(.text.USART1_IRQHandler) for USART1_IRQHandler
    startup_stm32f407xx.o(RESET) refers to control.o(.text.TIM6_DAC_IRQHandler) for TIM6_DAC_IRQHandler
    startup_stm32f407xx.o(RESET) refers to input.o(.text.TIM7_IRQHandler) for TIM7_IRQHandler
    startup_stm32f407xx.o(RESET) refers to comunication.o(.text.USART6_IRQHandler) for USART6_IRQHandler
    startup_stm32f407xx.o(.text) refers (Special) to heapauxi.o(.text) for __use_two_region_memory
    startup_stm32f407xx.o(.text) refers to system_stm32f4xx.o(.text.SystemInit) for SystemInit
    startup_stm32f407xx.o(.text) refers to __main.o(!!!main) for __main
    startup_stm32f407xx.o(.text) refers to startup_stm32f407xx.o(HEAP) for Heap_Mem
    startup_stm32f407xx.o(.text) refers to startup_stm32f407xx.o(STACK) for Stack_Mem
    system_stm32f4xx.o(.ARM.exidx.text.SystemInit) refers to system_stm32f4xx.o(.text.SystemInit) for [Anonymous Symbol]
    system_stm32f4xx.o(.text.SystemCoreClockUpdate) refers to system_stm32f4xx.o(.data.SystemCoreClock) for SystemCoreClock
    system_stm32f4xx.o(.text.SystemCoreClockUpdate) refers to system_stm32f4xx.o(.rodata.AHBPrescTable) for AHBPrescTable
    system_stm32f4xx.o(.ARM.exidx.text.SystemCoreClockUpdate) refers to system_stm32f4xx.o(.text.SystemCoreClockUpdate) for [Anonymous Symbol]
    __main.o(!!!main) refers to __rtentry.o(.ARM.Collect$$rtentry$$00000000) for __rt_entry
    __rtentry.o(.ARM.Collect$$rtentry$$00000000) refers (Special) to __rtentry2.o(.ARM.Collect$$rtentry$$0000000A) for __rt_entry_li
    __rtentry.o(.ARM.Collect$$rtentry$$00000000) refers (Special) to __rtentry2.o(.ARM.Collect$$rtentry$$0000000D) for __rt_entry_main
    __rtentry.o(.ARM.Collect$$rtentry$$00000000) refers (Special) to __rtentry2.o(.ARM.Collect$$rtentry$$0000000C) for __rt_entry_postli_1
    __rtentry.o(.ARM.Collect$$rtentry$$00000000) refers (Special) to __rtentry2.o(.ARM.Collect$$rtentry$$00000009) for __rt_entry_postsh_1
    __rtentry.o(.ARM.Collect$$rtentry$$00000000) refers (Special) to __rtentry2.o(.ARM.Collect$$rtentry$$00000002) for __rt_entry_presh_1
    __rtentry.o(.ARM.Collect$$rtentry$$00000000) refers (Special) to __rtentry4.o(.ARM.Collect$$rtentry$$00000004) for __rt_entry_sh
    __rtentry2.o(.ARM.Collect$$rtentry$$00000008) refers to boardinit2.o(.text) for _platform_post_stackheap_init
    __rtentry2.o(.ARM.Collect$$rtentry$$0000000A) refers to libinit.o(.ARM.Collect$$libinit$$00000000) for __rt_lib_init
    __rtentry2.o(.ARM.Collect$$rtentry$$0000000B) refers to boardinit3.o(.text) for _platform_post_lib_init
    __rtentry2.o(.ARM.Collect$$rtentry$$0000000D) refers to main.o(.text.main) for main
    __rtentry2.o(.ARM.Collect$$rtentry$$0000000D) refers to exit.o(.text) for exit
    __rtentry2.o(.ARM.exidx) refers to __rtentry2.o(.ARM.Collect$$rtentry$$00000001) for .ARM.Collect$$rtentry$$00000001
    __rtentry2.o(.ARM.exidx) refers to __rtentry2.o(.ARM.Collect$$rtentry$$00000008) for .ARM.Collect$$rtentry$$00000008
    __rtentry2.o(.ARM.exidx) refers to __rtentry2.o(.ARM.Collect$$rtentry$$0000000A) for .ARM.Collect$$rtentry$$0000000A
    __rtentry2.o(.ARM.exidx) refers to __rtentry2.o(.ARM.Collect$$rtentry$$0000000B) for .ARM.Collect$$rtentry$$0000000B
    __rtentry2.o(.ARM.exidx) refers to __rtentry2.o(.ARM.Collect$$rtentry$$0000000D) for .ARM.Collect$$rtentry$$0000000D
    __rtentry4.o(.ARM.Collect$$rtentry$$00000004) refers to sys_stackheap_outer.o(.text) for __user_setup_stackheap
    __rtentry4.o(.ARM.exidx) refers to __rtentry4.o(.ARM.Collect$$rtentry$$00000004) for .ARM.Collect$$rtentry$$00000004
    sys_stackheap_outer.o(.text) refers to libspace.o(.text) for __user_perproc_libspace
    sys_stackheap_outer.o(.text) refers to startup_stm32f407xx.o(.text) for __user_initial_stackheap
    exit.o(.text) refers to rtexit.o(.ARM.Collect$$rtexit$$00000000) for __rt_exit
    libinit.o(.ARM.Collect$$libinit$$00000000) refers (Special) to libinit2.o(.ARM.Collect$$libinit$$00000030) for __rt_lib_init_alloca_1
    libinit.o(.ARM.Collect$$libinit$$00000000) refers (Special) to libinit2.o(.ARM.Collect$$libinit$$0000002E) for __rt_lib_init_argv_1
    libinit.o(.ARM.Collect$$libinit$$00000000) refers (Special) to libinit2.o(.ARM.Collect$$libinit$$0000001D) for __rt_lib_init_atexit_1
    libinit.o(.ARM.Collect$$libinit$$00000000) refers (Special) to libinit2.o(.ARM.Collect$$libinit$$00000023) for __rt_lib_init_clock_1
    libinit.o(.ARM.Collect$$libinit$$00000000) refers (Special) to libinit2.o(.ARM.Collect$$libinit$$00000034) for __rt_lib_init_cpp_1
    libinit.o(.ARM.Collect$$libinit$$00000000) refers (Special) to libinit2.o(.ARM.Collect$$libinit$$00000032) for __rt_lib_init_exceptions_1
    libinit.o(.ARM.Collect$$libinit$$00000000) refers (Special) to libinit2.o(.ARM.Collect$$libinit$$00000001) for __rt_lib_init_fp_1
    libinit.o(.ARM.Collect$$libinit$$00000000) refers (Special) to libinit2.o(.ARM.Collect$$libinit$$00000021) for __rt_lib_init_fp_trap_1
    libinit.o(.ARM.Collect$$libinit$$00000000) refers (Special) to libinit2.o(.ARM.Collect$$libinit$$00000025) for __rt_lib_init_getenv_1
    libinit.o(.ARM.Collect$$libinit$$00000000) refers (Special) to libinit2.o(.ARM.Collect$$libinit$$0000000C) for __rt_lib_init_heap_1
    libinit.o(.ARM.Collect$$libinit$$00000000) refers (Special) to libinit2.o(.ARM.Collect$$libinit$$00000013) for __rt_lib_init_lc_collate_1
    libinit.o(.ARM.Collect$$libinit$$00000000) refers (Special) to libinit2.o(.ARM.Collect$$libinit$$00000015) for __rt_lib_init_lc_ctype_1
    libinit.o(.ARM.Collect$$libinit$$00000000) refers (Special) to libinit2.o(.ARM.Collect$$libinit$$00000017) for __rt_lib_init_lc_monetary_1
    libinit.o(.ARM.Collect$$libinit$$00000000) refers (Special) to libinit2.o(.ARM.Collect$$libinit$$00000019) for __rt_lib_init_lc_numeric_1
    libinit.o(.ARM.Collect$$libinit$$00000000) refers (Special) to libinit2.o(.ARM.Collect$$libinit$$0000001B) for __rt_lib_init_lc_time_1
    libinit.o(.ARM.Collect$$libinit$$00000000) refers (Special) to libinit2.o(.ARM.Collect$$libinit$$00000006) for __rt_lib_init_preinit_1
    libinit.o(.ARM.Collect$$libinit$$00000000) refers (Special) to libinit2.o(.ARM.Collect$$libinit$$00000010) for __rt_lib_init_rand_1
    libinit.o(.ARM.Collect$$libinit$$00000000) refers (Special) to libinit2.o(.ARM.Collect$$libinit$$00000004) for __rt_lib_init_relocate_pie_1
    libinit.o(.ARM.Collect$$libinit$$00000000) refers (Special) to libinit2.o(.ARM.Collect$$libinit$$00000035) for __rt_lib_init_return
    libinit.o(.ARM.Collect$$libinit$$00000000) refers (Special) to libinit2.o(.ARM.Collect$$libinit$$0000001F) for __rt_lib_init_signal_1
    libinit.o(.ARM.Collect$$libinit$$00000000) refers (Special) to libinit2.o(.ARM.Collect$$libinit$$00000027) for __rt_lib_init_stdio_1
    libinit.o(.ARM.Collect$$libinit$$00000000) refers (Special) to libinit2.o(.ARM.Collect$$libinit$$0000000E) for __rt_lib_init_user_alloc_1
    libspace.o(.text) refers to libspace.o(.bss) for __libspace_start
    rtexit.o(.ARM.Collect$$rtexit$$00000000) refers (Special) to rtexit2.o(.ARM.Collect$$rtexit$$00000004) for __rt_exit_exit
    rtexit.o(.ARM.Collect$$rtexit$$00000000) refers (Special) to rtexit2.o(.ARM.Collect$$rtexit$$00000003) for __rt_exit_ls
    rtexit.o(.ARM.Collect$$rtexit$$00000000) refers (Special) to rtexit2.o(.ARM.Collect$$rtexit$$00000002) for __rt_exit_prels_1
    rtexit.o(.ARM.exidx) refers (Special) to rtexit2.o(.ARM.Collect$$rtexit$$00000004) for __rt_exit_exit
    rtexit.o(.ARM.exidx) refers (Special) to rtexit2.o(.ARM.Collect$$rtexit$$00000003) for __rt_exit_ls
    rtexit.o(.ARM.exidx) refers (Special) to rtexit2.o(.ARM.Collect$$rtexit$$00000002) for __rt_exit_prels_1
    rtexit.o(.ARM.exidx) refers to rtexit.o(.ARM.Collect$$rtexit$$00000000) for .ARM.Collect$$rtexit$$00000000
    libinit2.o(.ARM.Collect$$libinit$$00000001) refers to fpinit.o(x$fpl$fpinit) for _fp_init
    libinit2.o(.ARM.Collect$$libinit$$00000012) refers to libinit2.o(.ARM.Collect$$libinit$$00000011) for .ARM.Collect$$libinit$$00000011
    libinit2.o(.ARM.Collect$$libinit$$00000014) refers to libinit2.o(.ARM.Collect$$libinit$$00000011) for .ARM.Collect$$libinit$$00000011
    libinit2.o(.ARM.Collect$$libinit$$00000016) refers to libinit2.o(.ARM.Collect$$libinit$$00000011) for .ARM.Collect$$libinit$$00000011
    libinit2.o(.ARM.Collect$$libinit$$00000018) refers to libinit2.o(.ARM.Collect$$libinit$$00000011) for .ARM.Collect$$libinit$$00000011
    libinit2.o(.ARM.Collect$$libinit$$0000001A) refers to libinit2.o(.ARM.Collect$$libinit$$00000011) for .ARM.Collect$$libinit$$00000011
    libinit2.o(.ARM.Collect$$libinit$$00000028) refers to argv_veneer.o(.emb_text) for __ARM_argv_veneer
    libinit2.o(.ARM.Collect$$libinit$$00000029) refers to argv_veneer.o(.emb_text) for __ARM_argv_veneer
    rtexit2.o(.ARM.Collect$$rtexit$$00000003) refers to libshutdown.o(.ARM.Collect$$libshutdown$$00000000) for __rt_lib_shutdown
    rtexit2.o(.ARM.Collect$$rtexit$$00000004) refers to sys_exit.o(.text) for _sys_exit
    rtexit2.o(.ARM.exidx) refers to rtexit2.o(.ARM.Collect$$rtexit$$00000001) for .ARM.Collect$$rtexit$$00000001
    rtexit2.o(.ARM.exidx) refers to rtexit2.o(.ARM.Collect$$rtexit$$00000003) for .ARM.Collect$$rtexit$$00000003
    rtexit2.o(.ARM.exidx) refers to rtexit2.o(.ARM.Collect$$rtexit$$00000004) for .ARM.Collect$$rtexit$$00000004
    argv_veneer.o(.emb_text) refers to no_argv.o(.text) for __ARM_get_argv
    sys_exit.o(.text) refers (Special) to use_no_semi.o(.text) for __I$use$semihosting
    sys_exit.o(.text) refers (Special) to indicate_semi.o(.text) for __semihosting_library_function
    sys_exit_hlt.o(.text) refers (Special) to use_no_semi.o(.text) for __I$use$semihosting
    sys_exit_hlt.o(.text) refers (Special) to indicate_semi.o(.text) for __semihosting_library_function
    _get_argv_nomalloc.o(.text) refers (Special) to hrguard.o(.text) for __heap_region$guard
    _get_argv_nomalloc.o(.text) refers to defsig_rtmem_outer.o(.text) for __rt_SIGRTMEM
    _get_argv_nomalloc.o(.text) refers to sys_command.o(.text) for _sys_command_string
    libshutdown.o(.ARM.Collect$$libshutdown$$00000000) refers (Special) to libshutdown2.o(.ARM.Collect$$libshutdown$$00000002) for __rt_lib_shutdown_cpp_1
    libshutdown.o(.ARM.Collect$$libshutdown$$00000000) refers (Special) to libshutdown2.o(.ARM.Collect$$libshutdown$$00000007) for __rt_lib_shutdown_fp_trap_1
    libshutdown.o(.ARM.Collect$$libshutdown$$00000000) refers (Special) to libshutdown2.o(.ARM.Collect$$libshutdown$$0000000F) for __rt_lib_shutdown_heap_1
    libshutdown.o(.ARM.Collect$$libshutdown$$00000000) refers (Special) to libshutdown2.o(.ARM.Collect$$libshutdown$$00000010) for __rt_lib_shutdown_return
    libshutdown.o(.ARM.Collect$$libshutdown$$00000000) refers (Special) to libshutdown2.o(.ARM.Collect$$libshutdown$$0000000A) for __rt_lib_shutdown_signal_1
    libshutdown.o(.ARM.Collect$$libshutdown$$00000000) refers (Special) to libshutdown2.o(.ARM.Collect$$libshutdown$$00000004) for __rt_lib_shutdown_stdio_1
    libshutdown.o(.ARM.Collect$$libshutdown$$00000000) refers (Special) to libshutdown2.o(.ARM.Collect$$libshutdown$$0000000C) for __rt_lib_shutdown_user_alloc_1
    sys_command.o(.text) refers (Special) to use_no_semi.o(.text) for __I$use$semihosting
    sys_command.o(.text) refers (Special) to indicate_semi.o(.text) for __semihosting_library_function
    sys_command_hlt.o(.text) refers (Special) to use_no_semi.o(.text) for __I$use$semihosting
    sys_command_hlt.o(.text) refers (Special) to indicate_semi.o(.text) for __semihosting_library_function
    defsig_rtmem_outer.o(.text) refers to defsig_rtmem_inner.o(.text) for __rt_SIGRTMEM_inner
    defsig_rtmem_outer.o(.text) refers to defsig_exit.o(.text) for __sig_exit
    defsig_rtmem_formal.o(.text) refers to rt_raise.o(.text) for __rt_raise
    rt_raise.o(.text) refers to __raise.o(.text) for __raise
    rt_raise.o(.text) refers to sys_exit.o(.text) for _sys_exit
    defsig_exit.o(.text) refers to sys_exit.o(.text) for _sys_exit
    defsig_rtmem_inner.o(.text) refers to defsig_general.o(.text) for __default_signal_display
    __raise.o(.text) refers to defsig.o(CL$$defsig) for __default_signal_handler
    defsig_general.o(.text) refers to sys_wrch.o(.text) for _ttywrch
    sys_wrch.o(.text) refers (Special) to use_no_semi.o(.text) for __I$use$semihosting
    sys_wrch.o(.text) refers (Special) to indicate_semi.o(.text) for __semihosting_library_function
    sys_wrch_hlt.o(.text) refers (Special) to use_no_semi.o(.text) for __I$use$semihosting
    sys_wrch_hlt.o(.text) refers (Special) to indicate_semi.o(.text) for __semihosting_library_function
    defsig.o(CL$$defsig) refers to defsig_rtmem_inner.o(.text) for __rt_SIGRTMEM_inner
    defsig_abrt_inner.o(.text) refers to defsig_general.o(.text) for __default_signal_display
    defsig_fpe_inner.o(.text) refers to defsig_general.o(.text) for __default_signal_display
    defsig_rtred_inner.o(.text) refers to defsig_general.o(.text) for __default_signal_display
    defsig_stak_inner.o(.text) refers to defsig_general.o(.text) for __default_signal_display
    defsig_pvfn_inner.o(.text) refers to defsig_general.o(.text) for __default_signal_display
    defsig_cppl_inner.o(.text) refers to defsig_general.o(.text) for __default_signal_display
    defsig_segv_inner.o(.text) refers to defsig_general.o(.text) for __default_signal_display
    defsig_other.o(.text) refers to defsig_general.o(.text) for __default_signal_display


==============================================================================

Removing Unused input sections from the image.

    Removing comunication.o(.text), (0 bytes).
    Removing comunication.o(.ARM.exidx.text.COM_Conf), (8 bytes).
    Removing comunication.o(.ARM.exidx.text.__NVIC_EnableIRQ), (8 bytes).
    Removing comunication.o(.ARM.exidx.text.ClearStr), (8 bytes).
    Removing comunication.o(.ARM.exidx.text.crc16), (8 bytes).
    Removing comunication.o(.ARM.exidx.text.COM_SendToHost), (8 bytes).
    Removing comunication.o(.ARM.exidx.text.COM_SendNewRulesConfirmation), (8 bytes).
    Removing comunication.o(.ARM.exidx.text.COM_SendOutputs), (8 bytes).
    Removing comunication.o(.ARM.exidx.text.USART1_IRQHandler), (8 bytes).
    Removing comunication.o(.ARM.exidx.text.COM_ReadFromHost), (8 bytes).
    Removing comunication.o(.ARM.exidx.text.USART6_IRQHandler), (8 bytes).
    Removing comunication.o(.ARM.exidx.text.COM_ReadSetOutputs), (8 bytes).
    Removing comunication.o(.ARM.exidx.text.COM_ReadSetInputs), (8 bytes).
    Removing comunication.o(.ARM.exidx.text.COM_ReadNewRules), (8 bytes).
    Removing control.o(.text), (0 bytes).
    Removing control.o(.ARM.exidx.text.Control_WriteBackup), (8 bytes).
    Removing control.o(.ARM.exidx.text.Control_ReadBackup), (8 bytes).
    Removing control.o(.ARM.exidx.text.Control_WriteRulesToEeprom), (8 bytes).
    Removing control.o(.ARM.exidx.text.Control_IWDGReload), (8 bytes).
    Removing control.o(.ARM.exidx.text.Control_ReadRulesFromEeprom), (8 bytes).
    Removing control.o(.ARM.exidx.text.Control_Conf), (8 bytes).
    Removing control.o(.ARM.exidx.text.RCC_SystemInit), (8 bytes).
    Removing control.o(.ARM.exidx.text.RCC_Conf), (8 bytes).
    Removing control.o(.ARM.exidx.text.SysTick_Config), (8 bytes).
    Removing control.o(.ARM.exidx.text.Led_Conf), (8 bytes).
    Removing control.o(.ARM.exidx.text.Control_TimConf), (8 bytes).
    Removing control.o(.ARM.exidx.text.Control_BackupConf), (8 bytes).
    Removing control.o(.ARM.exidx.text.Control_StructConf), (8 bytes).
    Removing control.o(.ARM.exidx.text.Control_IWDGEnable), (8 bytes).
    Removing control.o(.ARM.exidx.text.delay_ms), (8 bytes).
    Removing control.o(.ARM.exidx.text.SysTick_Handler), (8 bytes).
    Removing control.o(.ARM.exidx.text.TIM6_DAC_IRQHandler), (8 bytes).
    Removing control.o(.ARM.exidx.text.__NVIC_SetPriority), (8 bytes).
    Removing control.o(.ARM.exidx.text.__NVIC_EnableIRQ), (8 bytes).
    Removing eeprom.o(.text), (0 bytes).
    Removing eeprom.o(.ARM.exidx.text.EE_Init), (8 bytes).
    Removing eeprom.o(.ARM.exidx.text.EE_Format), (8 bytes).
    Removing eeprom.o(.ARM.exidx.text.EE_ReadVariable), (8 bytes).
    Removing eeprom.o(.ARM.exidx.text.EE_VerifyPageFullWriteVariable), (8 bytes).
    Removing eeprom.o(.ARM.exidx.text.EE_FindValidPage), (8 bytes).
    Removing eeprom.o(.ARM.exidx.text.EE_WriteVariable), (8 bytes).
    Removing eeprom.o(.ARM.exidx.text.EE_PageTransfer), (8 bytes).
    Removing flash.o(.text), (0 bytes).
    Removing flash.o(.text.FLASH_SetLatency), (20 bytes).
    Removing flash.o(.ARM.exidx.text.FLASH_SetLatency), (8 bytes).
    Removing flash.o(.text.FLASH_PrefetchBufferCmd), (54 bytes).
    Removing flash.o(.ARM.exidx.text.FLASH_PrefetchBufferCmd), (8 bytes).
    Removing flash.o(.text.FLASH_InstructionCacheCmd), (54 bytes).
    Removing flash.o(.ARM.exidx.text.FLASH_InstructionCacheCmd), (8 bytes).
    Removing flash.o(.text.FLASH_DataCacheCmd), (54 bytes).
    Removing flash.o(.ARM.exidx.text.FLASH_DataCacheCmd), (8 bytes).
    Removing flash.o(.text.FLASH_InstructionCacheReset), (18 bytes).
    Removing flash.o(.ARM.exidx.text.FLASH_InstructionCacheReset), (8 bytes).
    Removing flash.o(.text.FLASH_DataCacheReset), (18 bytes).
    Removing flash.o(.ARM.exidx.text.FLASH_DataCacheReset), (8 bytes).
    Removing flash.o(.ARM.exidx.text.FLASH_Unlock), (8 bytes).
    Removing flash.o(.text.FLASH_Lock), (18 bytes).
    Removing flash.o(.ARM.exidx.text.FLASH_Lock), (8 bytes).
    Removing flash.o(.ARM.exidx.text.FLASH_EraseSector), (8 bytes).
    Removing flash.o(.ARM.exidx.text.FLASH_WaitForLastOperation), (8 bytes).
    Removing flash.o(.text.FLASH_EraseAllSectors), (168 bytes).
    Removing flash.o(.ARM.exidx.text.FLASH_EraseAllSectors), (8 bytes).
    Removing flash.o(.text.FLASH_ProgramDoubleWord), (106 bytes).
    Removing flash.o(.ARM.exidx.text.FLASH_ProgramDoubleWord), (8 bytes).
    Removing flash.o(.text.FLASH_ProgramWord), (100 bytes).
    Removing flash.o(.ARM.exidx.text.FLASH_ProgramWord), (8 bytes).
    Removing flash.o(.ARM.exidx.text.FLASH_ProgramHalfWord), (8 bytes).
    Removing flash.o(.text.FLASH_ProgramByte), (100 bytes).
    Removing flash.o(.ARM.exidx.text.FLASH_ProgramByte), (8 bytes).
    Removing flash.o(.text.FLASH_OB_Unlock), (48 bytes).
    Removing flash.o(.ARM.exidx.text.FLASH_OB_Unlock), (8 bytes).
    Removing flash.o(.text.FLASH_OB_Lock), (18 bytes).
    Removing flash.o(.ARM.exidx.text.FLASH_OB_Lock), (8 bytes).
    Removing flash.o(.text.FLASH_OB_WRPConfig), (84 bytes).
    Removing flash.o(.ARM.exidx.text.FLASH_OB_WRPConfig), (8 bytes).
    Removing flash.o(.text.FLASH_OB_RDPConfig), (52 bytes).
    Removing flash.o(.ARM.exidx.text.FLASH_OB_RDPConfig), (8 bytes).
    Removing flash.o(.text.FLASH_OB_UserConfig), (96 bytes).
    Removing flash.o(.ARM.exidx.text.FLASH_OB_UserConfig), (8 bytes).
    Removing flash.o(.text.FLASH_OB_BORConfig), (36 bytes).
    Removing flash.o(.ARM.exidx.text.FLASH_OB_BORConfig), (8 bytes).
    Removing flash.o(.text.FLASH_OB_Launch), (42 bytes).
    Removing flash.o(.ARM.exidx.text.FLASH_OB_Launch), (8 bytes).
    Removing flash.o(.text.FLASH_OB_GetUser), (16 bytes).
    Removing flash.o(.ARM.exidx.text.FLASH_OB_GetUser), (8 bytes).
    Removing flash.o(.text.FLASH_OB_GetWRP), (12 bytes).
    Removing flash.o(.ARM.exidx.text.FLASH_OB_GetWRP), (8 bytes).
    Removing flash.o(.text.FLASH_OB_GetRDP), (48 bytes).
    Removing flash.o(.ARM.exidx.text.FLASH_OB_GetRDP), (8 bytes).
    Removing flash.o(.text.FLASH_OB_GetBOR), (16 bytes).
    Removing flash.o(.ARM.exidx.text.FLASH_OB_GetBOR), (8 bytes).
    Removing flash.o(.text.FLASH_ITConfig), (56 bytes).
    Removing flash.o(.ARM.exidx.text.FLASH_ITConfig), (8 bytes).
    Removing flash.o(.text.FLASH_GetFlagStatus), (52 bytes).
    Removing flash.o(.ARM.exidx.text.FLASH_GetFlagStatus), (8 bytes).
    Removing flash.o(.text.FLASH_ClearFlag), (20 bytes).
    Removing flash.o(.ARM.exidx.text.FLASH_ClearFlag), (8 bytes).
    Removing flash.o(.ARM.exidx.text.FLASH_GetStatus), (8 bytes).
    Removing input.o(.text), (0 bytes).
    Removing input.o(.ARM.exidx.text.Inputs_Conf), (8 bytes).
    Removing input.o(.ARM.exidx.text.__NVIC_EnableIRQ), (8 bytes).
    Removing input.o(.ARM.exidx.text.Inputs_SelectChannel), (8 bytes).
    Removing input.o(.ARM.exidx.text.TIM7_IRQHandler), (8 bytes).
    Removing input.o(.ARM.exidx.text.Inputs_ReadInputs), (8 bytes).
    Removing input.o(.ARM.exidx.text.Inputs_CatchInputsFromAllMuxes), (8 bytes).
    Removing input.o(.ARM.exidx.text.Inputs_ChangeTempState), (8 bytes).
    Removing main.o(.text), (0 bytes).
    Removing main.o(.ARM.exidx.text.main), (8 bytes).
    Removing main.o(.ARM.use_no_argv), (4 bytes).
    Removing output.o(.text), (0 bytes).
    Removing output.o(.ARM.exidx.text.Outputs_AllSlavesHigh), (8 bytes).
    Removing output.o(.ARM.exidx.text.Outputs_SendByte), (8 bytes).
    Removing output.o(.ARM.exidx.text.Outputs_SelectSlave), (8 bytes).
    Removing output.o(.ARM.exidx.text.Outputs_Conf), (8 bytes).
    Removing output.o(.ARM.exidx.text.Outputs_WriteToOneRegOfOneSlave), (8 bytes).
    Removing output.o(.ARM.exidx.text.Outputs_Write), (8 bytes).
    Removing output.o(.ARM.exidx.text.Outputs_ChangeState), (8 bytes).
    Removing output.o(.ARM.exidx.text.Rule_Act), (8 bytes).
    Removing system_stm32f4xx.o(.text), (0 bytes).
    Removing system_stm32f4xx.o(.ARM.exidx.text.SystemInit), (8 bytes).
    Removing system_stm32f4xx.o(.text.SystemCoreClockUpdate), (302 bytes).
    Removing system_stm32f4xx.o(.ARM.exidx.text.SystemCoreClockUpdate), (8 bytes).
    Removing system_stm32f4xx.o(.data.SystemCoreClock), (4 bytes).
    Removing system_stm32f4xx.o(.rodata.AHBPrescTable), (16 bytes).
    Removing system_stm32f4xx.o(.rodata.APBPrescTable), (8 bytes).

125 unused section(s) (total 2336 bytes) removed from the image.

==============================================================================

Image Symbol Table

    Local Symbols

    Symbol Name                              Value     Ov Type        Size  Object(Section)

    ../clib/angel/boardlib.s                 0x00000000   Number         0  boardinit1.o ABSOLUTE
    ../clib/angel/boardlib.s                 0x00000000   Number         0  boardinit2.o ABSOLUTE
    ../clib/angel/boardlib.s                 0x00000000   Number         0  boardinit3.o ABSOLUTE
    ../clib/angel/boardlib.s                 0x00000000   Number         0  boardshut.o ABSOLUTE
    ../clib/angel/handlers.s                 0x00000000   Number         0  __scatter_copy.o ABSOLUTE
    ../clib/angel/handlers.s                 0x00000000   Number         0  __scatter_zi.o ABSOLUTE
    ../clib/angel/kernel.s                   0x00000000   Number         0  __rtentry.o ABSOLUTE
    ../clib/angel/kernel.s                   0x00000000   Number         0  __rtentry2.o ABSOLUTE
    ../clib/angel/kernel.s                   0x00000000   Number         0  __rtentry4.o ABSOLUTE
    ../clib/angel/kernel.s                   0x00000000   Number         0  rtexit.o ABSOLUTE
    ../clib/angel/kernel.s                   0x00000000   Number         0  rtexit2.o ABSOLUTE
    ../clib/angel/rt.s                       0x00000000   Number         0  rt_raise.o ABSOLUTE
    ../clib/angel/scatter.s                  0x00000000   Number         0  __scatter.o ABSOLUTE
    ../clib/angel/startup.s                  0x00000000   Number         0  __main.o ABSOLUTE
    ../clib/angel/sys.s                      0x00000000   Number         0  sys_stackheap_outer.o ABSOLUTE
    ../clib/angel/sys.s                      0x00000000   Number         0  libspace.o ABSOLUTE
    ../clib/angel/sys.s                      0x00000000   Number         0  use_no_semi.o ABSOLUTE
    ../clib/angel/sys.s                      0x00000000   Number         0  indicate_semi.o ABSOLUTE
    ../clib/angel/sysapp.c                   0x00000000   Number         0  sys_exit.o ABSOLUTE
    ../clib/angel/sysapp.c                   0x00000000   Number         0  sys_exit_hlt.o ABSOLUTE
    ../clib/angel/sysapp.c                   0x00000000   Number         0  sys_command.o ABSOLUTE
    ../clib/angel/sysapp.c                   0x00000000   Number         0  sys_command_hlt.o ABSOLUTE
    ../clib/angel/sysapp.c                   0x00000000   Number         0  sys_wrch.o ABSOLUTE
    ../clib/angel/sysapp.c                   0x00000000   Number         0  sys_wrch_hlt.o ABSOLUTE
    ../clib/armsys.c                         0x00000000   Number         0  argv_veneer.o ABSOLUTE
    ../clib/armsys.c                         0x00000000   Number         0  argv_veneer.o ABSOLUTE
    ../clib/armsys.c                         0x00000000   Number         0  _get_argv_nomalloc.o ABSOLUTE
    ../clib/armsys.c                         0x00000000   Number         0  no_argv.o ABSOLUTE
    ../clib/heapalloc.c                      0x00000000   Number         0  hrguard.o ABSOLUTE
    ../clib/heapaux.c                        0x00000000   Number         0  heapauxi.o ABSOLUTE
    ../clib/libinit.s                        0x00000000   Number         0  libinit.o ABSOLUTE
    ../clib/libinit.s                        0x00000000   Number         0  libinit2.o ABSOLUTE
    ../clib/libinit.s                        0x00000000   Number         0  libshutdown.o ABSOLUTE
    ../clib/libinit.s                        0x00000000   Number         0  libshutdown2.o ABSOLUTE
    ../clib/signal.c                         0x00000000   Number         0  defsig_rtmem_outer.o ABSOLUTE
    ../clib/signal.c                         0x00000000   Number         0  defsig_rtmem_formal.o ABSOLUTE
    ../clib/signal.c                         0x00000000   Number         0  defsig_exit.o ABSOLUTE
    ../clib/signal.c                         0x00000000   Number         0  defsig_rtmem_inner.o ABSOLUTE
    ../clib/signal.c                         0x00000000   Number         0  __raise.o ABSOLUTE
    ../clib/signal.c                         0x00000000   Number         0  defsig_general.o ABSOLUTE
    ../clib/signal.c                         0x00000000   Number         0  defsig_abrt_inner.o ABSOLUTE
    ../clib/signal.c                         0x00000000   Number         0  defsig_fpe_inner.o ABSOLUTE
    ../clib/signal.c                         0x00000000   Number         0  defsig_rtred_inner.o ABSOLUTE
    ../clib/signal.c                         0x00000000   Number         0  defsig_stak_inner.o ABSOLUTE
    ../clib/signal.c                         0x00000000   Number         0  defsig_pvfn_inner.o ABSOLUTE
    ../clib/signal.c                         0x00000000   Number         0  defsig_cppl_inner.o ABSOLUTE
    ../clib/signal.c                         0x00000000   Number         0  defsig_segv_inner.o ABSOLUTE
    ../clib/signal.c                         0x00000000   Number         0  defsig_other.o ABSOLUTE
    ../clib/signal.s                         0x00000000   Number         0  defsig.o ABSOLUTE
    ../clib/stdlib.c                         0x00000000   Number         0  exit.o ABSOLUTE
    ../fplib/fpinit.s                        0x00000000   Number         0  fpinit.o ABSOLUTE
    Comunication.c                           0x00000000   Number         0  comunication.o ABSOLUTE
    Control.c                                0x00000000   Number         0  control.o ABSOLUTE
    Input.c                                  0x00000000   Number         0  input.o ABSOLUTE
    Output.c                                 0x00000000   Number         0  output.o ABSOLUTE
    RTE/Device/STM32F407VGTx/startup_stm32f407xx.s 0x00000000   Number         0  startup_stm32f407xx.o ABSOLUTE
    dc.s                                     0x00000000   Number         0  dc.o ABSOLUTE
    eeprom.c                                 0x00000000   Number         0  eeprom.o ABSOLUTE
    flash.c                                  0x00000000   Number         0  flash.o ABSOLUTE
    main.c                                   0x00000000   Number         0  main.o ABSOLUTE
    system_stm32f4xx.c                       0x00000000   Number         0  system_stm32f4xx.o ABSOLUTE
    RESET                                    0x08000000   Section      392  startup_stm32f407xx.o(RESET)
    !!!main                                  0x08000188   Section        8  __main.o(!!!main)
    !!!scatter                               0x08000190   Section       92  __scatter.o(!!!scatter)
    !!handler_copy                           0x080001ec   Section       26  __scatter_copy.o(!!handler_copy)
    !!handler_null                           0x08000208   Section        2  __scatter.o(!!handler_null)
    !!handler_zi                             0x0800020c   Section       28  __scatter_zi.o(!!handler_zi)
    .ARM.Collect$$libinit$$00000000          0x08000228   Section        2  libinit.o(.ARM.Collect$$libinit$$00000000)
    .ARM.Collect$$libinit$$00000001          0x0800022a   Section        4  libinit2.o(.ARM.Collect$$libinit$$00000001)
    .ARM.Collect$$libinit$$00000004          0x0800022e   Section        0  libinit2.o(.ARM.Collect$$libinit$$00000004)
    .ARM.Collect$$libinit$$00000006          0x0800022e   Section        0  libinit2.o(.ARM.Collect$$libinit$$00000006)
    .ARM.Collect$$libinit$$0000000C          0x0800022e   Section        0  libinit2.o(.ARM.Collect$$libinit$$0000000C)
    .ARM.Collect$$libinit$$0000000E          0x0800022e   Section        0  libinit2.o(.ARM.Collect$$libinit$$0000000E)
    .ARM.Collect$$libinit$$00000010          0x0800022e   Section        0  libinit2.o(.ARM.Collect$$libinit$$00000010)
    .ARM.Collect$$libinit$$00000013          0x0800022e   Section        0  libinit2.o(.ARM.Collect$$libinit$$00000013)
    .ARM.Collect$$libinit$$00000015          0x0800022e   Section        0  libinit2.o(.ARM.Collect$$libinit$$00000015)
    .ARM.Collect$$libinit$$00000017          0x0800022e   Section        0  libinit2.o(.ARM.Collect$$libinit$$00000017)
    .ARM.Collect$$libinit$$00000019          0x0800022e   Section        0  libinit2.o(.ARM.Collect$$libinit$$00000019)
    .ARM.Collect$$libinit$$0000001B          0x0800022e   Section        0  libinit2.o(.ARM.Collect$$libinit$$0000001B)
    .ARM.Collect$$libinit$$0000001D          0x0800022e   Section        0  libinit2.o(.ARM.Collect$$libinit$$0000001D)
    .ARM.Collect$$libinit$$0000001F          0x0800022e   Section        0  libinit2.o(.ARM.Collect$$libinit$$0000001F)
    .ARM.Collect$$libinit$$00000021          0x0800022e   Section        0  libinit2.o(.ARM.Collect$$libinit$$00000021)
    .ARM.Collect$$libinit$$00000023          0x0800022e   Section        0  libinit2.o(.ARM.Collect$$libinit$$00000023)
    .ARM.Collect$$libinit$$00000025          0x0800022e   Section        0  libinit2.o(.ARM.Collect$$libinit$$00000025)
    .ARM.Collect$$libinit$$00000027          0x0800022e   Section        0  libinit2.o(.ARM.Collect$$libinit$$00000027)
    .ARM.Collect$$libinit$$0000002E          0x0800022e   Section        0  libinit2.o(.ARM.Collect$$libinit$$0000002E)
    .ARM.Collect$$libinit$$00000030          0x0800022e   Section        0  libinit2.o(.ARM.Collect$$libinit$$00000030)
    .ARM.Collect$$libinit$$00000032          0x0800022e   Section        0  libinit2.o(.ARM.Collect$$libinit$$00000032)
    .ARM.Collect$$libinit$$00000034          0x0800022e   Section        0  libinit2.o(.ARM.Collect$$libinit$$00000034)
    .ARM.Collect$$libinit$$00000035          0x0800022e   Section        2  libinit2.o(.ARM.Collect$$libinit$$00000035)
    .ARM.Collect$$libshutdown$$00000000      0x08000230   Section        2  libshutdown.o(.ARM.Collect$$libshutdown$$00000000)
    .ARM.Collect$$libshutdown$$00000002      0x08000232   Section        0  libshutdown2.o(.ARM.Collect$$libshutdown$$00000002)
    .ARM.Collect$$libshutdown$$00000004      0x08000232   Section        0  libshutdown2.o(.ARM.Collect$$libshutdown$$00000004)
    .ARM.Collect$$libshutdown$$00000007      0x08000232   Section        0  libshutdown2.o(.ARM.Collect$$libshutdown$$00000007)
    .ARM.Collect$$libshutdown$$0000000A      0x08000232   Section        0  libshutdown2.o(.ARM.Collect$$libshutdown$$0000000A)
    .ARM.Collect$$libshutdown$$0000000C      0x08000232   Section        0  libshutdown2.o(.ARM.Collect$$libshutdown$$0000000C)
    .ARM.Collect$$libshutdown$$0000000F      0x08000232   Section        0  libshutdown2.o(.ARM.Collect$$libshutdown$$0000000F)
    .ARM.Collect$$libshutdown$$00000010      0x08000232   Section        2  libshutdown2.o(.ARM.Collect$$libshutdown$$00000010)
    .ARM.Collect$$rtentry$$00000000          0x08000234   Section        0  __rtentry.o(.ARM.Collect$$rtentry$$00000000)
    .ARM.Collect$$rtentry$$00000002          0x08000234   Section        0  __rtentry2.o(.ARM.Collect$$rtentry$$00000002)
    .ARM.Collect$$rtentry$$00000004          0x08000234   Section        6  __rtentry4.o(.ARM.Collect$$rtentry$$00000004)
    .ARM.Collect$$rtentry$$00000009          0x0800023a   Section        0  __rtentry2.o(.ARM.Collect$$rtentry$$00000009)
    .ARM.Collect$$rtentry$$0000000A          0x0800023a   Section        4  __rtentry2.o(.ARM.Collect$$rtentry$$0000000A)
    .ARM.Collect$$rtentry$$0000000C          0x0800023e   Section        0  __rtentry2.o(.ARM.Collect$$rtentry$$0000000C)
    .ARM.Collect$$rtentry$$0000000D          0x0800023e   Section        8  __rtentry2.o(.ARM.Collect$$rtentry$$0000000D)
    .ARM.Collect$$rtexit$$00000000           0x08000246   Section        2  rtexit.o(.ARM.Collect$$rtexit$$00000000)
    .ARM.Collect$$rtexit$$00000002           0x08000248   Section        0  rtexit2.o(.ARM.Collect$$rtexit$$00000002)
    .ARM.Collect$$rtexit$$00000003           0x08000248   Section        4  rtexit2.o(.ARM.Collect$$rtexit$$00000003)
    .ARM.Collect$$rtexit$$00000004           0x0800024c   Section        6  rtexit2.o(.ARM.Collect$$rtexit$$00000004)
    $v0                                      0x08000254   Number         0  startup_stm32f407xx.o(.text)
    .text                                    0x08000254   Section       64  startup_stm32f407xx.o(.text)
    .text                                    0x08000294   Section        0  heapauxi.o(.text)
    .text                                    0x0800029a   Section       74  sys_stackheap_outer.o(.text)
    .text                                    0x080002e4   Section        0  exit.o(.text)
    .text                                    0x080002f8   Section        8  libspace.o(.text)
    .text                                    0x08000300   Section        0  sys_exit.o(.text)
    .text                                    0x0800030c   Section        2  use_no_semi.o(.text)
    .text                                    0x0800030e   Section        0  indicate_semi.o(.text)
    [Anonymous Symbol]                       0x08000310   Section        0  comunication.o(.text.COM_Conf)
    COM_ReadFromHost                         0x080004fd   Thumb Code   154  comunication.o(.text.COM_ReadFromHost)
    [Anonymous Symbol]                       0x080004fc   Section        0  comunication.o(.text.COM_ReadFromHost)
    COM_ReadNewRules                         0x08000599   Thumb Code   560  comunication.o(.text.COM_ReadNewRules)
    [Anonymous Symbol]                       0x08000598   Section        0  comunication.o(.text.COM_ReadNewRules)
    COM_ReadSetInputs                        0x080007c9   Thumb Code   424  comunication.o(.text.COM_ReadSetInputs)
    [Anonymous Symbol]                       0x080007c8   Section        0  comunication.o(.text.COM_ReadSetInputs)
    COM_ReadSetOutputs                       0x08000971   Thumb Code   236  comunication.o(.text.COM_ReadSetOutputs)
    [Anonymous Symbol]                       0x08000970   Section        0  comunication.o(.text.COM_ReadSetOutputs)
    COM_SendNewRulesConfirmation             0x08000a5d   Thumb Code   170  comunication.o(.text.COM_SendNewRulesConfirmation)
    [Anonymous Symbol]                       0x08000a5c   Section        0  comunication.o(.text.COM_SendNewRulesConfirmation)
    COM_SendOutputs                          0x08000b09   Thumb Code   310  comunication.o(.text.COM_SendOutputs)
    [Anonymous Symbol]                       0x08000b08   Section        0  comunication.o(.text.COM_SendOutputs)
    [Anonymous Symbol]                       0x08000c40   Section        0  comunication.o(.text.COM_SendToHost)
    [Anonymous Symbol]                       0x08000c78   Section        0  comunication.o(.text.ClearStr)
    Control_BackupConf                       0x08000ca5   Thumb Code    52  control.o(.text.Control_BackupConf)
    [Anonymous Symbol]                       0x08000ca4   Section        0  control.o(.text.Control_BackupConf)
    [Anonymous Symbol]                       0x08000cd8   Section        0  control.o(.text.Control_Conf)
    Control_IWDGEnable                       0x08000d0d   Thumb Code   100  control.o(.text.Control_IWDGEnable)
    [Anonymous Symbol]                       0x08000d0c   Section        0  control.o(.text.Control_IWDGEnable)
    [Anonymous Symbol]                       0x08000d70   Section        0  control.o(.text.Control_IWDGReload)
    [Anonymous Symbol]                       0x08000d80   Section        0  control.o(.text.Control_ReadBackup)
    [Anonymous Symbol]                       0x08000dd8   Section        0  control.o(.text.Control_ReadRulesFromEeprom)
    Control_StructConf                       0x08000ff5   Thumb Code   304  control.o(.text.Control_StructConf)
    [Anonymous Symbol]                       0x08000ff4   Section        0  control.o(.text.Control_StructConf)
    Control_TimConf                          0x08001125   Thumb Code    68  control.o(.text.Control_TimConf)
    [Anonymous Symbol]                       0x08001124   Section        0  control.o(.text.Control_TimConf)
    [Anonymous Symbol]                       0x08001168   Section        0  control.o(.text.Control_WriteBackup)
    [Anonymous Symbol]                       0x080011c0   Section        0  control.o(.text.Control_WriteRulesToEeprom)
    EE_FindValidPage                         0x08001395   Thumb Code   204  eeprom.o(.text.EE_FindValidPage)
    [Anonymous Symbol]                       0x08001394   Section        0  eeprom.o(.text.EE_FindValidPage)
    EE_Format                                0x08001461   Thumb Code   110  eeprom.o(.text.EE_Format)
    [Anonymous Symbol]                       0x08001460   Section        0  eeprom.o(.text.EE_Format)
    [Anonymous Symbol]                       0x080014d0   Section        0  eeprom.o(.text.EE_Init)
    EE_PageTransfer                          0x080018f9   Thumb Code   436  eeprom.o(.text.EE_PageTransfer)
    [Anonymous Symbol]                       0x080018f8   Section        0  eeprom.o(.text.EE_PageTransfer)
    [Anonymous Symbol]                       0x08001aac   Section        0  eeprom.o(.text.EE_ReadVariable)
    EE_VerifyPageFullWriteVariable           0x08001b69   Thumb Code   216  eeprom.o(.text.EE_VerifyPageFullWriteVariable)
    [Anonymous Symbol]                       0x08001b68   Section        0  eeprom.o(.text.EE_VerifyPageFullWriteVariable)
    [Anonymous Symbol]                       0x08001c40   Section        0  eeprom.o(.text.EE_WriteVariable)
    [Anonymous Symbol]                       0x08001c88   Section        0  flash.o(.text.FLASH_EraseSector)
    [Anonymous Symbol]                       0x08001d48   Section        0  flash.o(.text.FLASH_GetStatus)
    [Anonymous Symbol]                       0x08001dd0   Section        0  flash.o(.text.FLASH_ProgramHalfWord)
    [Anonymous Symbol]                       0x08001e38   Section        0  flash.o(.text.FLASH_Unlock)
    [Anonymous Symbol]                       0x08001e68   Section        0  flash.o(.text.FLASH_WaitForLastOperation)
    Inputs_CatchInputsFromAllMuxes           0x08001e99   Thumb Code   796  input.o(.text.Inputs_CatchInputsFromAllMuxes)
    [Anonymous Symbol]                       0x08001e98   Section        0  input.o(.text.Inputs_CatchInputsFromAllMuxes)
    Inputs_ChangeTempState                   0x080021b5   Thumb Code   550  input.o(.text.Inputs_ChangeTempState)
    [Anonymous Symbol]                       0x080021b4   Section        0  input.o(.text.Inputs_ChangeTempState)
    [Anonymous Symbol]                       0x080023dc   Section        0  input.o(.text.Inputs_Conf)
    Inputs_ReadInputs                        0x080024a1   Thumb Code    82  input.o(.text.Inputs_ReadInputs)
    [Anonymous Symbol]                       0x080024a0   Section        0  input.o(.text.Inputs_ReadInputs)
    [Anonymous Symbol]                       0x080024f4   Section        0  input.o(.text.Inputs_SelectChannel)
    Led_Conf                                 0x0800266d   Thumb Code    34  control.o(.text.Led_Conf)
    [Anonymous Symbol]                       0x0800266c   Section        0  control.o(.text.Led_Conf)
    [Anonymous Symbol]                       0x08002690   Section        0  output.o(.text.Outputs_AllSlavesHigh)
    Outputs_ChangeState                      0x080026f5   Thumb Code   494  output.o(.text.Outputs_ChangeState)
    [Anonymous Symbol]                       0x080026f4   Section        0  output.o(.text.Outputs_ChangeState)
    [Anonymous Symbol]                       0x080028e4   Section        0  output.o(.text.Outputs_Conf)
    [Anonymous Symbol]                       0x080029b4   Section        0  output.o(.text.Outputs_SelectSlave)
    [Anonymous Symbol]                       0x08002a98   Section        0  output.o(.text.Outputs_SendByte)
    [Anonymous Symbol]                       0x08002afc   Section        0  output.o(.text.Outputs_Write)
    Outputs_WriteToOneRegOfOneSlave          0x08002bdd   Thumb Code    54  output.o(.text.Outputs_WriteToOneRegOfOneSlave)
    [Anonymous Symbol]                       0x08002bdc   Section        0  output.o(.text.Outputs_WriteToOneRegOfOneSlave)
    RCC_Conf                                 0x08002c15   Thumb Code    64  control.o(.text.RCC_Conf)
    [Anonymous Symbol]                       0x08002c14   Section        0  control.o(.text.RCC_Conf)
    RCC_SystemInit                           0x08002c55   Thumb Code   216  control.o(.text.RCC_SystemInit)
    [Anonymous Symbol]                       0x08002c54   Section        0  control.o(.text.RCC_SystemInit)
    [Anonymous Symbol]                       0x08002d2c   Section        0  output.o(.text.Rule_Act)
    SysTick_Config                           0x08002fc9   Thumb Code    82  control.o(.text.SysTick_Config)
    [Anonymous Symbol]                       0x08002fc8   Section        0  control.o(.text.SysTick_Config)
    [Anonymous Symbol]                       0x0800301c   Section        0  control.o(.text.SysTick_Handler)
    [Anonymous Symbol]                       0x080031d8   Section        0  system_stm32f4xx.o(.text.SystemInit)
    [Anonymous Symbol]                       0x08003248   Section        0  control.o(.text.TIM6_DAC_IRQHandler)
    [Anonymous Symbol]                       0x08003278   Section        0  input.o(.text.TIM7_IRQHandler)
    [Anonymous Symbol]                       0x080032a4   Section        0  comunication.o(.text.USART1_IRQHandler)
    [Anonymous Symbol]                       0x080032d4   Section        0  comunication.o(.text.USART6_IRQHandler)
    __NVIC_EnableIRQ                         0x08003305   Thumb Code    48  comunication.o(.text.__NVIC_EnableIRQ)
    [Anonymous Symbol]                       0x08003304   Section        0  comunication.o(.text.__NVIC_EnableIRQ)
    __NVIC_EnableIRQ                         0x08003335   Thumb Code    48  control.o(.text.__NVIC_EnableIRQ)
    [Anonymous Symbol]                       0x08003334   Section        0  control.o(.text.__NVIC_EnableIRQ)
    __NVIC_EnableIRQ                         0x08003365   Thumb Code    48  input.o(.text.__NVIC_EnableIRQ)
    [Anonymous Symbol]                       0x08003364   Section        0  input.o(.text.__NVIC_EnableIRQ)
    __NVIC_SetPriority                       0x08003395   Thumb Code    66  control.o(.text.__NVIC_SetPriority)
    [Anonymous Symbol]                       0x08003394   Section        0  control.o(.text.__NVIC_SetPriority)
    [Anonymous Symbol]                       0x080033d8   Section        0  comunication.o(.text.crc16)
    [Anonymous Symbol]                       0x08003460   Section        0  control.o(.text.delay_ms)
    [Anonymous Symbol]                       0x08003490   Section        0  main.o(.text.main)
    $v0                                      0x080034f6   Number         0  fpinit.o(x$fpl$fpinit)
    x$fpl$fpinit                             0x080034f6   Section       26  fpinit.o(x$fpl$fpinit)
    .bss                                     0x20000008   Section       96  libspace.o(.bss)
    Heap_Mem                                 0x20010d70   Data         512  startup_stm32f407xx.o(HEAP)
    HEAP                                     0x20010d70   Section      512  startup_stm32f407xx.o(HEAP)
    Stack_Mem                                0x20010f70   Data        1024  startup_stm32f407xx.o(STACK)
    STACK                                    0x20010f70   Section     1024  startup_stm32f407xx.o(STACK)
    __initial_sp                             0x20011370   Data           0  startup_stm32f407xx.o(STACK)

    Global Symbols

    Symbol Name                              Value     Ov Type        Size  Object(Section)

    BuildAttributes$$THM_ISAv4$E$P$D$K$B$S$7EM$VFPi3$EXTD16$VFPS$VFMA$PE$A:L22UL41UL21$X:L11$S22US41US21$IEEE1$IW$~IW$USESV6$~STKCKD$USESV7$~SHL$OSPACE$ROPI$EBA8$UX$STANDARDLIB$REQ8$PRES8$EABIv2 0x00000000   Number         0  anon$$obj.o ABSOLUTE
    __ARM_exceptions_init                     - Undefined Weak Reference
    __alloca_initialize                       - Undefined Weak Reference
    __arm_preinit_                            - Undefined Weak Reference
    __arm_relocate_pie_                       - Undefined Weak Reference
    __cpp_initialize__aeabi_                  - Undefined Weak Reference
    __cxa_finalize                            - Undefined Weak Reference
    __rt_locale                               - Undefined Weak Reference
    __sigvec_lookup                           - Undefined Weak Reference
    _atexit_init                              - Undefined Weak Reference
    _call_atexit_fns                          - Undefined Weak Reference
    _clock_init                               - Undefined Weak Reference
    _fp_trap_init                             - Undefined Weak Reference
    _fp_trap_shutdown                         - Undefined Weak Reference
    _get_lc_collate                           - Undefined Weak Reference
    _get_lc_ctype                             - Undefined Weak Reference
    _get_lc_monetary                          - Undefined Weak Reference
    _get_lc_numeric                           - Undefined Weak Reference
    _get_lc_time                              - Undefined Weak Reference
    _getenv_init                              - Undefined Weak Reference
    _handle_redirection                       - Undefined Weak Reference
    _init_alloc                               - Undefined Weak Reference
    _init_user_alloc                          - Undefined Weak Reference
    _initio                                   - Undefined Weak Reference
    _rand_init                                - Undefined Weak Reference
    _signal_finish                            - Undefined Weak Reference
    _signal_init                              - Undefined Weak Reference
    _terminate_alloc                          - Undefined Weak Reference
    _terminate_user_alloc                     - Undefined Weak Reference
    _terminateio                              - Undefined Weak Reference
    __Vectors_Size                           0x00000188   Number         0  startup_stm32f407xx.o ABSOLUTE
    __Vectors                                0x08000000   Data           4  startup_stm32f407xx.o(RESET)
    __Vectors_End                            0x08000188   Data           0  startup_stm32f407xx.o(RESET)
    __main                                   0x08000189   Thumb Code     8  __main.o(!!!main)
    __scatterload                            0x08000191   Thumb Code     0  __scatter.o(!!!scatter)
    __scatterload_rt2                        0x08000191   Thumb Code    84  __scatter.o(!!!scatter)
    __scatterload_rt2_thumb_only             0x08000191   Thumb Code     0  __scatter.o(!!!scatter)
    __scatterload_loop                       0x0800019b   Thumb Code     0  __scatter.o(!!!scatter)
    __scatterload_copy                       0x080001ed   Thumb Code    26  __scatter_copy.o(!!handler_copy)
    __scatterload_null                       0x08000209   Thumb Code     2  __scatter.o(!!handler_null)
    __scatterload_zeroinit                   0x0800020d   Thumb Code    28  __scatter_zi.o(!!handler_zi)
    __rt_lib_init                            0x08000229   Thumb Code     0  libinit.o(.ARM.Collect$$libinit$$00000000)
    __rt_lib_init_fp_1                       0x0800022b   Thumb Code     0  libinit2.o(.ARM.Collect$$libinit$$00000001)
    __rt_lib_init_alloca_1                   0x0800022f   Thumb Code     0  libinit2.o(.ARM.Collect$$libinit$$00000030)
    __rt_lib_init_argv_1                     0x0800022f   Thumb Code     0  libinit2.o(.ARM.Collect$$libinit$$0000002E)
    __rt_lib_init_atexit_1                   0x0800022f   Thumb Code     0  libinit2.o(.ARM.Collect$$libinit$$0000001D)
    __rt_lib_init_clock_1                    0x0800022f   Thumb Code     0  libinit2.o(.ARM.Collect$$libinit$$00000023)
    __rt_lib_init_cpp_1                      0x0800022f   Thumb Code     0  libinit2.o(.ARM.Collect$$libinit$$00000034)
    __rt_lib_init_exceptions_1               0x0800022f   Thumb Code     0  libinit2.o(.ARM.Collect$$libinit$$00000032)
    __rt_lib_init_fp_trap_1                  0x0800022f   Thumb Code     0  libinit2.o(.ARM.Collect$$libinit$$00000021)
    __rt_lib_init_getenv_1                   0x0800022f   Thumb Code     0  libinit2.o(.ARM.Collect$$libinit$$00000025)
    __rt_lib_init_heap_1                     0x0800022f   Thumb Code     0  libinit2.o(.ARM.Collect$$libinit$$0000000C)
    __rt_lib_init_lc_collate_1               0x0800022f   Thumb Code     0  libinit2.o(.ARM.Collect$$libinit$$00000013)
    __rt_lib_init_lc_ctype_1                 0x0800022f   Thumb Code     0  libinit2.o(.ARM.Collect$$libinit$$00000015)
    __rt_lib_init_lc_monetary_1              0x0800022f   Thumb Code     0  libinit2.o(.ARM.Collect$$libinit$$00000017)
    __rt_lib_init_lc_numeric_1               0x0800022f   Thumb Code     0  libinit2.o(.ARM.Collect$$libinit$$00000019)
    __rt_lib_init_lc_time_1                  0x0800022f   Thumb Code     0  libinit2.o(.ARM.Collect$$libinit$$0000001B)
    __rt_lib_init_preinit_1                  0x0800022f   Thumb Code     0  libinit2.o(.ARM.Collect$$libinit$$00000006)
    __rt_lib_init_rand_1                     0x0800022f   Thumb Code     0  libinit2.o(.ARM.Collect$$libinit$$00000010)
    __rt_lib_init_relocate_pie_1             0x0800022f   Thumb Code     0  libinit2.o(.ARM.Collect$$libinit$$00000004)
    __rt_lib_init_return                     0x0800022f   Thumb Code     0  libinit2.o(.ARM.Collect$$libinit$$00000035)
    __rt_lib_init_signal_1                   0x0800022f   Thumb Code     0  libinit2.o(.ARM.Collect$$libinit$$0000001F)
    __rt_lib_init_stdio_1                    0x0800022f   Thumb Code     0  libinit2.o(.ARM.Collect$$libinit$$00000027)
    __rt_lib_init_user_alloc_1               0x0800022f   Thumb Code     0  libinit2.o(.ARM.Collect$$libinit$$0000000E)
    __rt_lib_shutdown                        0x08000231   Thumb Code     0  libshutdown.o(.ARM.Collect$$libshutdown$$00000000)
    __rt_lib_shutdown_cpp_1                  0x08000233   Thumb Code     0  libshutdown2.o(.ARM.Collect$$libshutdown$$00000002)
    __rt_lib_shutdown_fp_trap_1              0x08000233   Thumb Code     0  libshutdown2.o(.ARM.Collect$$libshutdown$$00000007)
    __rt_lib_shutdown_heap_1                 0x08000233   Thumb Code     0  libshutdown2.o(.ARM.Collect$$libshutdown$$0000000F)
    __rt_lib_shutdown_return                 0x08000233   Thumb Code     0  libshutdown2.o(.ARM.Collect$$libshutdown$$00000010)
    __rt_lib_shutdown_signal_1               0x08000233   Thumb Code     0  libshutdown2.o(.ARM.Collect$$libshutdown$$0000000A)
    __rt_lib_shutdown_stdio_1                0x08000233   Thumb Code     0  libshutdown2.o(.ARM.Collect$$libshutdown$$00000004)
    __rt_lib_shutdown_user_alloc_1           0x08000233   Thumb Code     0  libshutdown2.o(.ARM.Collect$$libshutdown$$0000000C)
    __rt_entry                               0x08000235   Thumb Code     0  __rtentry.o(.ARM.Collect$$rtentry$$00000000)
    __rt_entry_presh_1                       0x08000235   Thumb Code     0  __rtentry2.o(.ARM.Collect$$rtentry$$00000002)
    __rt_entry_sh                            0x08000235   Thumb Code     0  __rtentry4.o(.ARM.Collect$$rtentry$$00000004)
    __rt_entry_li                            0x0800023b   Thumb Code     0  __rtentry2.o(.ARM.Collect$$rtentry$$0000000A)
    __rt_entry_postsh_1                      0x0800023b   Thumb Code     0  __rtentry2.o(.ARM.Collect$$rtentry$$00000009)
    __rt_entry_main                          0x0800023f   Thumb Code     0  __rtentry2.o(.ARM.Collect$$rtentry$$0000000D)
    __rt_entry_postli_1                      0x0800023f   Thumb Code     0  __rtentry2.o(.ARM.Collect$$rtentry$$0000000C)
    __rt_exit                                0x08000247   Thumb Code     0  rtexit.o(.ARM.Collect$$rtexit$$00000000)
    __rt_exit_ls                             0x08000249   Thumb Code     0  rtexit2.o(.ARM.Collect$$rtexit$$00000003)
    __rt_exit_prels_1                        0x08000249   Thumb Code     0  rtexit2.o(.ARM.Collect$$rtexit$$00000002)
    __rt_exit_exit                           0x0800024d   Thumb Code     0  rtexit2.o(.ARM.Collect$$rtexit$$00000004)
    Reset_Handler                            0x08000255   Thumb Code     8  startup_stm32f407xx.o(.text)
    NMI_Handler                              0x0800025d   Thumb Code     2  startup_stm32f407xx.o(.text)
    HardFault_Handler                        0x0800025f   Thumb Code     2  startup_stm32f407xx.o(.text)
    MemManage_Handler                        0x08000261   Thumb Code     2  startup_stm32f407xx.o(.text)
    BusFault_Handler                         0x08000263   Thumb Code     2  startup_stm32f407xx.o(.text)
    UsageFault_Handler                       0x08000265   Thumb Code     2  startup_stm32f407xx.o(.text)
    SVC_Handler                              0x08000267   Thumb Code     2  startup_stm32f407xx.o(.text)
    DebugMon_Handler                         0x08000269   Thumb Code     2  startup_stm32f407xx.o(.text)
    PendSV_Handler                           0x0800026b   Thumb Code     2  startup_stm32f407xx.o(.text)
    ADC_IRQHandler                           0x0800026f   Thumb Code     0  startup_stm32f407xx.o(.text)
    CAN1_RX0_IRQHandler                      0x0800026f   Thumb Code     0  startup_stm32f407xx.o(.text)
    CAN1_RX1_IRQHandler                      0x0800026f   Thumb Code     0  startup_stm32f407xx.o(.text)
    CAN1_SCE_IRQHandler                      0x0800026f   Thumb Code     0  startup_stm32f407xx.o(.text)
    CAN1_TX_IRQHandler                       0x0800026f   Thumb Code     0  startup_stm32f407xx.o(.text)
    CAN2_RX0_IRQHandler                      0x0800026f   Thumb Code     0  startup_stm32f407xx.o(.text)
    CAN2_RX1_IRQHandler                      0x0800026f   Thumb Code     0  startup_stm32f407xx.o(.text)
    CAN2_SCE_IRQHandler                      0x0800026f   Thumb Code     0  startup_stm32f407xx.o(.text)
    CAN2_TX_IRQHandler                       0x0800026f   Thumb Code     0  startup_stm32f407xx.o(.text)
    DCMI_IRQHandler                          0x0800026f   Thumb Code     0  startup_stm32f407xx.o(.text)
    DMA1_Stream0_IRQHandler                  0x0800026f   Thumb Code     0  startup_stm32f407xx.o(.text)
    DMA1_Stream1_IRQHandler                  0x0800026f   Thumb Code     0  startup_stm32f407xx.o(.text)
    DMA1_Stream2_IRQHandler                  0x0800026f   Thumb Code     0  startup_stm32f407xx.o(.text)
    DMA1_Stream3_IRQHandler                  0x0800026f   Thumb Code     0  startup_stm32f407xx.o(.text)
    DMA1_Stream4_IRQHandler                  0x0800026f   Thumb Code     0  startup_stm32f407xx.o(.text)
    DMA1_Stream5_IRQHandler                  0x0800026f   Thumb Code     0  startup_stm32f407xx.o(.text)
    DMA1_Stream6_IRQHandler                  0x0800026f   Thumb Code     0  startup_stm32f407xx.o(.text)
    DMA1_Stream7_IRQHandler                  0x0800026f   Thumb Code     0  startup_stm32f407xx.o(.text)
    DMA2_Stream0_IRQHandler                  0x0800026f   Thumb Code     0  startup_stm32f407xx.o(.text)
    DMA2_Stream1_IRQHandler                  0x0800026f   Thumb Code     0  startup_stm32f407xx.o(.text)
    DMA2_Stream2_IRQHandler                  0x0800026f   Thumb Code     0  startup_stm32f407xx.o(.text)
    DMA2_Stream3_IRQHandler                  0x0800026f   Thumb Code     0  startup_stm32f407xx.o(.text)
    DMA2_Stream4_IRQHandler                  0x0800026f   Thumb Code     0  startup_stm32f407xx.o(.text)
    DMA2_Stream5_IRQHandler                  0x0800026f   Thumb Code     0  startup_stm32f407xx.o(.text)
    DMA2_Stream6_IRQHandler                  0x0800026f   Thumb Code     0  startup_stm32f407xx.o(.text)
    DMA2_Stream7_IRQHandler                  0x0800026f   Thumb Code     0  startup_stm32f407xx.o(.text)
    ETH_IRQHandler                           0x0800026f   Thumb Code     0  startup_stm32f407xx.o(.text)
    ETH_WKUP_IRQHandler                      0x0800026f   Thumb Code     0  startup_stm32f407xx.o(.text)
    EXTI0_IRQHandler                         0x0800026f   Thumb Code     0  startup_stm32f407xx.o(.text)
    EXTI15_10_IRQHandler                     0x0800026f   Thumb Code     0  startup_stm32f407xx.o(.text)
    EXTI1_IRQHandler                         0x0800026f   Thumb Code     0  startup_stm32f407xx.o(.text)
    EXTI2_IRQHandler                         0x0800026f   Thumb Code     0  startup_stm32f407xx.o(.text)
    EXTI3_IRQHandler                         0x0800026f   Thumb Code     0  startup_stm32f407xx.o(.text)
    EXTI4_IRQHandler                         0x0800026f   Thumb Code     0  startup_stm32f407xx.o(.text)
    EXTI9_5_IRQHandler                       0x0800026f   Thumb Code     0  startup_stm32f407xx.o(.text)
    FLASH_IRQHandler                         0x0800026f   Thumb Code     0  startup_stm32f407xx.o(.text)
    FMC_IRQHandler                           0x0800026f   Thumb Code     0  startup_stm32f407xx.o(.text)
    FPU_IRQHandler                           0x0800026f   Thumb Code     0  startup_stm32f407xx.o(.text)
    HASH_RNG_IRQHandler                      0x0800026f   Thumb Code     0  startup_stm32f407xx.o(.text)
    I2C1_ER_IRQHandler                       0x0800026f   Thumb Code     0  startup_stm32f407xx.o(.text)
    I2C1_EV_IRQHandler                       0x0800026f   Thumb Code     0  startup_stm32f407xx.o(.text)
    I2C2_ER_IRQHandler                       0x0800026f   Thumb Code     0  startup_stm32f407xx.o(.text)
    I2C2_EV_IRQHandler                       0x0800026f   Thumb Code     0  startup_stm32f407xx.o(.text)
    I2C3_ER_IRQHandler                       0x0800026f   Thumb Code     0  startup_stm32f407xx.o(.text)
    I2C3_EV_IRQHandler                       0x0800026f   Thumb Code     0  startup_stm32f407xx.o(.text)
    OTG_FS_IRQHandler                        0x0800026f   Thumb Code     0  startup_stm32f407xx.o(.text)
    OTG_FS_WKUP_IRQHandler                   0x0800026f   Thumb Code     0  startup_stm32f407xx.o(.text)
    OTG_HS_EP1_IN_IRQHandler                 0x0800026f   Thumb Code     0  startup_stm32f407xx.o(.text)
    OTG_HS_EP1_OUT_IRQHandler                0x0800026f   Thumb Code     0  startup_stm32f407xx.o(.text)
    OTG_HS_IRQHandler                        0x0800026f   Thumb Code     0  startup_stm32f407xx.o(.text)
    OTG_HS_WKUP_IRQHandler                   0x0800026f   Thumb Code     0  startup_stm32f407xx.o(.text)
    PVD_IRQHandler                           0x0800026f   Thumb Code     0  startup_stm32f407xx.o(.text)
    RCC_IRQHandler                           0x0800026f   Thumb Code     0  startup_stm32f407xx.o(.text)
    RTC_Alarm_IRQHandler                     0x0800026f   Thumb Code     0  startup_stm32f407xx.o(.text)
    RTC_WKUP_IRQHandler                      0x0800026f   Thumb Code     0  startup_stm32f407xx.o(.text)
    SDIO_IRQHandler                          0x0800026f   Thumb Code     0  startup_stm32f407xx.o(.text)
    SPI1_IRQHandler                          0x0800026f   Thumb Code     0  startup_stm32f407xx.o(.text)
    SPI2_IRQHandler                          0x0800026f   Thumb Code     0  startup_stm32f407xx.o(.text)
    SPI3_IRQHandler                          0x0800026f   Thumb Code     0  startup_stm32f407xx.o(.text)
    TAMP_STAMP_IRQHandler                    0x0800026f   Thumb Code     0  startup_stm32f407xx.o(.text)
    TIM1_BRK_TIM9_IRQHandler                 0x0800026f   Thumb Code     0  startup_stm32f407xx.o(.text)
    TIM1_CC_IRQHandler                       0x0800026f   Thumb Code     0  startup_stm32f407xx.o(.text)
    TIM1_TRG_COM_TIM11_IRQHandler            0x0800026f   Thumb Code     0  startup_stm32f407xx.o(.text)
    TIM1_UP_TIM10_IRQHandler                 0x0800026f   Thumb Code     0  startup_stm32f407xx.o(.text)
    TIM2_IRQHandler                          0x0800026f   Thumb Code     0  startup_stm32f407xx.o(.text)
    TIM3_IRQHandler                          0x0800026f   Thumb Code     0  startup_stm32f407xx.o(.text)
    TIM4_IRQHandler                          0x0800026f   Thumb Code     0  startup_stm32f407xx.o(.text)
    TIM5_IRQHandler                          0x0800026f   Thumb Code     0  startup_stm32f407xx.o(.text)
    TIM8_BRK_TIM12_IRQHandler                0x0800026f   Thumb Code     0  startup_stm32f407xx.o(.text)
    TIM8_CC_IRQHandler                       0x0800026f   Thumb Code     0  startup_stm32f407xx.o(.text)
    TIM8_TRG_COM_TIM14_IRQHandler            0x0800026f   Thumb Code     0  startup_stm32f407xx.o(.text)
    TIM8_UP_TIM13_IRQHandler                 0x0800026f   Thumb Code     0  startup_stm32f407xx.o(.text)
    UART4_IRQHandler                         0x0800026f   Thumb Code     0  startup_stm32f407xx.o(.text)
    UART5_IRQHandler                         0x0800026f   Thumb Code     0  startup_stm32f407xx.o(.text)
    USART2_IRQHandler                        0x0800026f   Thumb Code     0  startup_stm32f407xx.o(.text)
    USART3_IRQHandler                        0x0800026f   Thumb Code     0  startup_stm32f407xx.o(.text)
    WWDG_IRQHandler                          0x0800026f   Thumb Code     0  startup_stm32f407xx.o(.text)
    __user_initial_stackheap                 0x08000271   Thumb Code     0  startup_stm32f407xx.o(.text)
    __use_two_region_memory                  0x08000295   Thumb Code     2  heapauxi.o(.text)
    __rt_heap_escrow$2region                 0x08000297   Thumb Code     2  heapauxi.o(.text)
    __rt_heap_expand$2region                 0x08000299   Thumb Code     2  heapauxi.o(.text)
    __user_setup_stackheap                   0x0800029b   Thumb Code    74  sys_stackheap_outer.o(.text)
    exit                                     0x080002e5   Thumb Code    18  exit.o(.text)
    __user_libspace                          0x080002f9   Thumb Code     8  libspace.o(.text)
    __user_perproc_libspace                  0x080002f9   Thumb Code     0  libspace.o(.text)
    __user_perthread_libspace                0x080002f9   Thumb Code     0  libspace.o(.text)
    _sys_exit                                0x08000301   Thumb Code     8  sys_exit.o(.text)
    __I$use$semihosting                      0x0800030d   Thumb Code     0  use_no_semi.o(.text)
    __use_no_semihosting_swi                 0x0800030d   Thumb Code     2  use_no_semi.o(.text)
    __semihosting_library_function           0x0800030f   Thumb Code     0  indicate_semi.o(.text)
    COM_Conf                                 0x08000311   Thumb Code   490  comunication.o(.text.COM_Conf)
    COM_SendToHost                           0x08000c41   Thumb Code    56  comunication.o(.text.COM_SendToHost)
    ClearStr                                 0x08000c79   Thumb Code    44  comunication.o(.text.ClearStr)
    Control_Conf                             0x08000cd9   Thumb Code    50  control.o(.text.Control_Conf)
    Control_IWDGReload                       0x08000d71   Thumb Code    16  control.o(.text.Control_IWDGReload)
    Control_ReadBackup                       0x08000d81   Thumb Code    86  control.o(.text.Control_ReadBackup)
    Control_ReadRulesFromEeprom              0x08000dd9   Thumb Code   540  control.o(.text.Control_ReadRulesFromEeprom)
    Control_WriteBackup                      0x08001169   Thumb Code    86  control.o(.text.Control_WriteBackup)
    Control_WriteRulesToEeprom               0x080011c1   Thumb Code   466  control.o(.text.Control_WriteRulesToEeprom)
    EE_Init                                  0x080014d1   Thumb Code  1064  eeprom.o(.text.EE_Init)
    EE_ReadVariable                          0x08001aad   Thumb Code   186  eeprom.o(.text.EE_ReadVariable)
    EE_WriteVariable                         0x08001c41   Thumb Code    70  eeprom.o(.text.EE_WriteVariable)
    FLASH_EraseSector                        0x08001c89   Thumb Code   190  flash.o(.text.FLASH_EraseSector)
    FLASH_GetStatus                          0x08001d49   Thumb Code   134  flash.o(.text.FLASH_GetStatus)
    FLASH_ProgramHalfWord                    0x08001dd1   Thumb Code   104  flash.o(.text.FLASH_ProgramHalfWord)
    FLASH_Unlock                             0x08001e39   Thumb Code    48  flash.o(.text.FLASH_Unlock)
    FLASH_WaitForLastOperation               0x08001e69   Thumb Code    48  flash.o(.text.FLASH_WaitForLastOperation)
    Inputs_Conf                              0x080023dd   Thumb Code   196  input.o(.text.Inputs_Conf)
    Inputs_SelectChannel                     0x080024f5   Thumb Code   376  input.o(.text.Inputs_SelectChannel)
    Outputs_AllSlavesHigh                    0x08002691   Thumb Code    98  output.o(.text.Outputs_AllSlavesHigh)
    Outputs_Conf                             0x080028e5   Thumb Code   206  output.o(.text.Outputs_Conf)
    Outputs_SelectSlave                      0x080029b5   Thumb Code   226  output.o(.text.Outputs_SelectSlave)
    Outputs_SendByte                         0x08002a99   Thumb Code   100  output.o(.text.Outputs_SendByte)
    Outputs_Write                            0x08002afd   Thumb Code   224  output.o(.text.Outputs_Write)
    Rule_Act                                 0x08002d2d   Thumb Code   668  output.o(.text.Rule_Act)
    SysTick_Handler                          0x0800301d   Thumb Code   444  control.o(.text.SysTick_Handler)
    SystemInit                               0x080031d9   Thumb Code   110  system_stm32f4xx.o(.text.SystemInit)
    TIM6_DAC_IRQHandler                      0x08003249   Thumb Code    46  control.o(.text.TIM6_DAC_IRQHandler)
    TIM7_IRQHandler                          0x08003279   Thumb Code    42  input.o(.text.TIM7_IRQHandler)
    USART1_IRQHandler                        0x080032a5   Thumb Code    46  comunication.o(.text.USART1_IRQHandler)
    USART6_IRQHandler                        0x080032d5   Thumb Code    46  comunication.o(.text.USART6_IRQHandler)
    crc16                                    0x080033d9   Thumb Code   136  comunication.o(.text.crc16)
    delay_ms                                 0x08003461   Thumb Code    46  control.o(.text.delay_ms)
    main                                     0x08003491   Thumb Code   102  main.o(.text.main)
    _fp_init                                 0x080034f7   Thumb Code    26  fpinit.o(x$fpl$fpinit)
    __fplib_config_fpu_vfp                   0x0800350f   Thumb Code     0  fpinit.o(x$fpl$fpinit)
    __fplib_config_pureend_doubles           0x0800350f   Thumb Code     0  fpinit.o(x$fpl$fpinit)
    Region$$Table$$Base                      0x08003510   Number         0  anon$$obj.o(Region$$Table)
    Region$$Table$$Limit                     0x08003530   Number         0  anon$$obj.o(Region$$Table)
    pC                                       0x20000000   Data           4  main.o(.data.pC)
    __libspace_start                         0x20000008   Data          96  libspace.o(.bss)
    Control                                  0x20000068   Data       36868  main.o(.bss.Control)
    __temporary_stack_top$libspace           0x20000068   Data           0  libspace.o(.bss)
    DataVar                                  0x2000906c   Data           2  eeprom.o(.bss.DataVar)
    VarDataTab                               0x2000906e   Data       16000  eeprom.o(.bss.VarDataTab)
    VirtAddVarTab                            0x2000ceee   Data       16000  eeprom.o(.bss.VirtAddVarTab)



==============================================================================

Memory Map of the image

  Image Entry point : 0x08000189

  Load Region LR_IROM1 (Base: 0x08000000, Size: 0x00003538, Max: 0x00100000, ABSOLUTE)

    Execution Region ER_IROM1 (Exec base: 0x08000000, Load base: 0x08000000, Size: 0x00003530, Max: 0x00100000, ABSOLUTE)

    Exec Addr    Load Addr    Size         Type   Attr      Idx    E Section Name        Object

    0x08000000   0x08000000   0x00000188   Data   RO          227    RESET               startup_stm32f407xx.o
    0x08000188   0x08000188   0x00000008   Code   RO          252  * !!!main             c_w.l(__main.o)
    0x08000190   0x08000190   0x0000005c   Code   RO          417    !!!scatter          c_w.l(__scatter.o)
    0x080001ec   0x080001ec   0x0000001a   Code   RO          421    !!handler_copy      c_w.l(__scatter_copy.o)
    0x08000206   0x08000206   0x00000002   PAD
    0x08000208   0x08000208   0x00000002   Code   RO          418    !!handler_null      c_w.l(__scatter.o)
    0x0800020a   0x0800020a   0x00000002   PAD
    0x0800020c   0x0800020c   0x0000001c   Code   RO          423    !!handler_zi        c_w.l(__scatter_zi.o)
    0x08000228   0x08000228   0x00000002   Code   RO          279    .ARM.Collect$$libinit$$00000000  c_w.l(libinit.o)
    0x0800022a   0x0800022a   0x00000004   Code   RO          285    .ARM.Collect$$libinit$$00000001  c_w.l(libinit2.o)
    0x0800022e   0x0800022e   0x00000000   Code   RO          288    .ARM.Collect$$libinit$$00000004  c_w.l(libinit2.o)
    0x0800022e   0x0800022e   0x00000000   Code   RO          290    .ARM.Collect$$libinit$$00000006  c_w.l(libinit2.o)
    0x0800022e   0x0800022e   0x00000000   Code   RO          293    .ARM.Collect$$libinit$$0000000C  c_w.l(libinit2.o)
    0x0800022e   0x0800022e   0x00000000   Code   RO          295    .ARM.Collect$$libinit$$0000000E  c_w.l(libinit2.o)
    0x0800022e   0x0800022e   0x00000000   Code   RO          297    .ARM.Collect$$libinit$$00000010  c_w.l(libinit2.o)
    0x0800022e   0x0800022e   0x00000000   Code   RO          300    .ARM.Collect$$libinit$$00000013  c_w.l(libinit2.o)
    0x0800022e   0x0800022e   0x00000000   Code   RO          302    .ARM.Collect$$libinit$$00000015  c_w.l(libinit2.o)
    0x0800022e   0x0800022e   0x00000000   Code   RO          304    .ARM.Collect$$libinit$$00000017  c_w.l(libinit2.o)
    0x0800022e   0x0800022e   0x00000000   Code   RO          306    .ARM.Collect$$libinit$$00000019  c_w.l(libinit2.o)
    0x0800022e   0x0800022e   0x00000000   Code   RO          308    .ARM.Collect$$libinit$$0000001B  c_w.l(libinit2.o)
    0x0800022e   0x0800022e   0x00000000   Code   RO          310    .ARM.Collect$$libinit$$0000001D  c_w.l(libinit2.o)
    0x0800022e   0x0800022e   0x00000000   Code   RO          312    .ARM.Collect$$libinit$$0000001F  c_w.l(libinit2.o)
    0x0800022e   0x0800022e   0x00000000   Code   RO          314    .ARM.Collect$$libinit$$00000021  c_w.l(libinit2.o)
    0x0800022e   0x0800022e   0x00000000   Code   RO          316    .ARM.Collect$$libinit$$00000023  c_w.l(libinit2.o)
    0x0800022e   0x0800022e   0x00000000   Code   RO          318    .ARM.Collect$$libinit$$00000025  c_w.l(libinit2.o)
    0x0800022e   0x0800022e   0x00000000   Code   RO          320    .ARM.Collect$$libinit$$00000027  c_w.l(libinit2.o)
    0x0800022e   0x0800022e   0x00000000   Code   RO          324    .ARM.Collect$$libinit$$0000002E  c_w.l(libinit2.o)
    0x0800022e   0x0800022e   0x00000000   Code   RO          326    .ARM.Collect$$libinit$$00000030  c_w.l(libinit2.o)
    0x0800022e   0x0800022e   0x00000000   Code   RO          328    .ARM.Collect$$libinit$$00000032  c_w.l(libinit2.o)
    0x0800022e   0x0800022e   0x00000000   Code   RO          330    .ARM.Collect$$libinit$$00000034  c_w.l(libinit2.o)
    0x0800022e   0x0800022e   0x00000002   Code   RO          331    .ARM.Collect$$libinit$$00000035  c_w.l(libinit2.o)
    0x08000230   0x08000230   0x00000002   Code   RO          353    .ARM.Collect$$libshutdown$$00000000  c_w.l(libshutdown.o)
    0x08000232   0x08000232   0x00000000   Code   RO          368    .ARM.Collect$$libshutdown$$00000002  c_w.l(libshutdown2.o)
    0x08000232   0x08000232   0x00000000   Code   RO          370    .ARM.Collect$$libshutdown$$00000004  c_w.l(libshutdown2.o)
    0x08000232   0x08000232   0x00000000   Code   RO          373    .ARM.Collect$$libshutdown$$00000007  c_w.l(libshutdown2.o)
    0x08000232   0x08000232   0x00000000   Code   RO          376    .ARM.Collect$$libshutdown$$0000000A  c_w.l(libshutdown2.o)
    0x08000232   0x08000232   0x00000000   Code   RO          378    .ARM.Collect$$libshutdown$$0000000C  c_w.l(libshutdown2.o)
    0x08000232   0x08000232   0x00000000   Code   RO          381    .ARM.Collect$$libshutdown$$0000000F  c_w.l(libshutdown2.o)
    0x08000232   0x08000232   0x00000002   Code   RO          382    .ARM.Collect$$libshutdown$$00000010  c_w.l(libshutdown2.o)
    0x08000234   0x08000234   0x00000000   Code   RO          254    .ARM.Collect$$rtentry$$00000000  c_w.l(__rtentry.o)
    0x08000234   0x08000234   0x00000000   Code   RO          256    .ARM.Collect$$rtentry$$00000002  c_w.l(__rtentry2.o)
    0x08000234   0x08000234   0x00000006   Code   RO          268    .ARM.Collect$$rtentry$$00000004  c_w.l(__rtentry4.o)
    0x0800023a   0x0800023a   0x00000000   Code   RO          258    .ARM.Collect$$rtentry$$00000009  c_w.l(__rtentry2.o)
    0x0800023a   0x0800023a   0x00000004   Code   RO          259    .ARM.Collect$$rtentry$$0000000A  c_w.l(__rtentry2.o)
    0x0800023e   0x0800023e   0x00000000   Code   RO          261    .ARM.Collect$$rtentry$$0000000C  c_w.l(__rtentry2.o)
    0x0800023e   0x0800023e   0x00000008   Code   RO          262    .ARM.Collect$$rtentry$$0000000D  c_w.l(__rtentry2.o)
    0x08000246   0x08000246   0x00000002   Code   RO          283    .ARM.Collect$$rtexit$$00000000  c_w.l(rtexit.o)
    0x08000248   0x08000248   0x00000000   Code   RO          333    .ARM.Collect$$rtexit$$00000002  c_w.l(rtexit2.o)
    0x08000248   0x08000248   0x00000004   Code   RO          334    .ARM.Collect$$rtexit$$00000003  c_w.l(rtexit2.o)
    0x0800024c   0x0800024c   0x00000006   Code   RO          335    .ARM.Collect$$rtexit$$00000004  c_w.l(rtexit2.o)
    0x08000252   0x08000252   0x00000002   PAD
    0x08000254   0x08000254   0x00000040   Code   RO          228    .text               startup_stm32f407xx.o
    0x08000294   0x08000294   0x00000006   Code   RO          250    .text               c_w.l(heapauxi.o)
    0x0800029a   0x0800029a   0x0000004a   Code   RO          270    .text               c_w.l(sys_stackheap_outer.o)
    0x080002e4   0x080002e4   0x00000012   Code   RO          272    .text               c_w.l(exit.o)
    0x080002f6   0x080002f6   0x00000002   PAD
    0x080002f8   0x080002f8   0x00000008   Code   RO          280    .text               c_w.l(libspace.o)
    0x08000300   0x08000300   0x0000000c   Code   RO          343    .text               c_w.l(sys_exit.o)
    0x0800030c   0x0800030c   0x00000002   Code   RO          358    .text               c_w.l(use_no_semi.o)
    0x0800030e   0x0800030e   0x00000000   Code   RO          360    .text               c_w.l(indicate_semi.o)
    0x0800030e   0x0800030e   0x00000002   PAD
    0x08000310   0x08000310   0x000001ea   Code   RO            2    .text.COM_Conf      comunication.o
    0x080004fa   0x080004fa   0x00000002   PAD
    0x080004fc   0x080004fc   0x0000009a   Code   RO           18    .text.COM_ReadFromHost  comunication.o
    0x08000596   0x08000596   0x00000002   PAD
    0x08000598   0x08000598   0x00000230   Code   RO           26    .text.COM_ReadNewRules  comunication.o
    0x080007c8   0x080007c8   0x000001a8   Code   RO           24    .text.COM_ReadSetInputs  comunication.o
    0x08000970   0x08000970   0x000000ec   Code   RO           22    .text.COM_ReadSetOutputs  comunication.o
    0x08000a5c   0x08000a5c   0x000000aa   Code   RO           12    .text.COM_SendNewRulesConfirmation  comunication.o
    0x08000b06   0x08000b06   0x00000002   PAD
    0x08000b08   0x08000b08   0x00000136   Code   RO           14    .text.COM_SendOutputs  comunication.o
    0x08000c3e   0x08000c3e   0x00000002   PAD
    0x08000c40   0x08000c40   0x00000038   Code   RO           10    .text.COM_SendToHost  comunication.o
    0x08000c78   0x08000c78   0x0000002c   Code   RO            6    .text.ClearStr      comunication.o
    0x08000ca4   0x08000ca4   0x00000034   Code   RO           57    .text.Control_BackupConf  control.o
    0x08000cd8   0x08000cd8   0x00000032   Code   RO           45    .text.Control_Conf  control.o
    0x08000d0a   0x08000d0a   0x00000002   PAD
    0x08000d0c   0x08000d0c   0x00000064   Code   RO           61    .text.Control_IWDGEnable  control.o
    0x08000d70   0x08000d70   0x00000010   Code   RO           41    .text.Control_IWDGReload  control.o
    0x08000d80   0x08000d80   0x00000056   Code   RO           37    .text.Control_ReadBackup  control.o
    0x08000dd6   0x08000dd6   0x00000002   PAD
    0x08000dd8   0x08000dd8   0x0000021c   Code   RO           43    .text.Control_ReadRulesFromEeprom  control.o
    0x08000ff4   0x08000ff4   0x00000130   Code   RO           59    .text.Control_StructConf  control.o
    0x08001124   0x08001124   0x00000044   Code   RO           55    .text.Control_TimConf  control.o
    0x08001168   0x08001168   0x00000056   Code   RO           35    .text.Control_WriteBackup  control.o
    0x080011be   0x080011be   0x00000002   PAD
    0x080011c0   0x080011c0   0x000001d2   Code   RO           39    .text.Control_WriteRulesToEeprom  control.o
    0x08001392   0x08001392   0x00000002   PAD
    0x08001394   0x08001394   0x000000cc   Code   RO           88    .text.EE_FindValidPage  eeprom.o
    0x08001460   0x08001460   0x0000006e   Code   RO           82    .text.EE_Format     eeprom.o
    0x080014ce   0x080014ce   0x00000002   PAD
    0x080014d0   0x080014d0   0x00000428   Code   RO           80    .text.EE_Init       eeprom.o
    0x080018f8   0x080018f8   0x000001b4   Code   RO           92    .text.EE_PageTransfer  eeprom.o
    0x08001aac   0x08001aac   0x000000ba   Code   RO           84    .text.EE_ReadVariable  eeprom.o
    0x08001b66   0x08001b66   0x00000002   PAD
    0x08001b68   0x08001b68   0x000000d8   Code   RO           86    .text.EE_VerifyPageFullWriteVariable  eeprom.o
    0x08001c40   0x08001c40   0x00000046   Code   RO           90    .text.EE_WriteVariable  eeprom.o
    0x08001c86   0x08001c86   0x00000002   PAD
    0x08001c88   0x08001c88   0x000000be   Code   RO          120    .text.FLASH_EraseSector  flash.o
    0x08001d46   0x08001d46   0x00000002   PAD
    0x08001d48   0x08001d48   0x00000086   Code   RO          162    .text.FLASH_GetStatus  flash.o
    0x08001dce   0x08001dce   0x00000002   PAD
    0x08001dd0   0x08001dd0   0x00000068   Code   RO          130    .text.FLASH_ProgramHalfWord  flash.o
    0x08001e38   0x08001e38   0x00000030   Code   RO          116    .text.FLASH_Unlock  flash.o
    0x08001e68   0x08001e68   0x00000030   Code   RO          122    .text.FLASH_WaitForLastOperation  flash.o
    0x08001e98   0x08001e98   0x0000031c   Code   RO          181    .text.Inputs_CatchInputsFromAllMuxes  input.o
    0x080021b4   0x080021b4   0x00000226   Code   RO          183    .text.Inputs_ChangeTempState  input.o
    0x080023da   0x080023da   0x00000002   PAD
    0x080023dc   0x080023dc   0x000000c4   Code   RO          171    .text.Inputs_Conf   input.o
    0x080024a0   0x080024a0   0x00000052   Code   RO          179    .text.Inputs_ReadInputs  input.o
    0x080024f2   0x080024f2   0x00000002   PAD
    0x080024f4   0x080024f4   0x00000178   Code   RO          175    .text.Inputs_SelectChannel  input.o
    0x0800266c   0x0800266c   0x00000022   Code   RO           53    .text.Led_Conf      control.o
    0x0800268e   0x0800268e   0x00000002   PAD
    0x08002690   0x08002690   0x00000062   Code   RO          203    .text.Outputs_AllSlavesHigh  output.o
    0x080026f2   0x080026f2   0x00000002   PAD
    0x080026f4   0x080026f4   0x000001ee   Code   RO          215    .text.Outputs_ChangeState  output.o
    0x080028e2   0x080028e2   0x00000002   PAD
    0x080028e4   0x080028e4   0x000000ce   Code   RO          209    .text.Outputs_Conf  output.o
    0x080029b2   0x080029b2   0x00000002   PAD
    0x080029b4   0x080029b4   0x000000e2   Code   RO          207    .text.Outputs_SelectSlave  output.o
    0x08002a96   0x08002a96   0x00000002   PAD
    0x08002a98   0x08002a98   0x00000064   Code   RO          205    .text.Outputs_SendByte  output.o
    0x08002afc   0x08002afc   0x000000e0   Code   RO          213    .text.Outputs_Write  output.o
    0x08002bdc   0x08002bdc   0x00000036   Code   RO          211    .text.Outputs_WriteToOneRegOfOneSlave  output.o
    0x08002c12   0x08002c12   0x00000002   PAD
    0x08002c14   0x08002c14   0x00000040   Code   RO           49    .text.RCC_Conf      control.o
    0x08002c54   0x08002c54   0x000000d8   Code   RO           47    .text.RCC_SystemInit  control.o
    0x08002d2c   0x08002d2c   0x0000029c   Code   RO          217    .text.Rule_Act      output.o
    0x08002fc8   0x08002fc8   0x00000052   Code   RO           51    .text.SysTick_Config  control.o
    0x0800301a   0x0800301a   0x00000002   PAD
    0x0800301c   0x0800301c   0x000001bc   Code   RO           65    .text.SysTick_Handler  control.o
    0x080031d8   0x080031d8   0x0000006e   Code   RO          235    .text.SystemInit    system_stm32f4xx.o
    0x08003246   0x08003246   0x00000002   PAD
    0x08003248   0x08003248   0x0000002e   Code   RO           67    .text.TIM6_DAC_IRQHandler  control.o
    0x08003276   0x08003276   0x00000002   PAD
    0x08003278   0x08003278   0x0000002a   Code   RO          177    .text.TIM7_IRQHandler  input.o
    0x080032a2   0x080032a2   0x00000002   PAD
    0x080032a4   0x080032a4   0x0000002e   Code   RO           16    .text.USART1_IRQHandler  comunication.o
    0x080032d2   0x080032d2   0x00000002   PAD
    0x080032d4   0x080032d4   0x0000002e   Code   RO           20    .text.USART6_IRQHandler  comunication.o
    0x08003302   0x08003302   0x00000002   PAD
    0x08003304   0x08003304   0x00000030   Code   RO            4    .text.__NVIC_EnableIRQ  comunication.o
    0x08003334   0x08003334   0x00000030   Code   RO           71    .text.__NVIC_EnableIRQ  control.o
    0x08003364   0x08003364   0x00000030   Code   RO          173    .text.__NVIC_EnableIRQ  input.o
    0x08003394   0x08003394   0x00000042   Code   RO           69    .text.__NVIC_SetPriority  control.o
    0x080033d6   0x080033d6   0x00000002   PAD
    0x080033d8   0x080033d8   0x00000088   Code   RO            8    .text.crc16         comunication.o
    0x08003460   0x08003460   0x0000002e   Code   RO           63    .text.delay_ms      control.o
    0x0800348e   0x0800348e   0x00000002   PAD
    0x08003490   0x08003490   0x00000066   Code   RO          192    .text.main          main.o
    0x080034f6   0x080034f6   0x0000001a   Code   RO          341    x$fpl$fpinit        fz_wm.l(fpinit.o)
    0x08003510   0x08003510   0x00000020   Data   RO          416    Region$$Table       anon$$obj.o


    Execution Region RW_IRAM1 (Exec base: 0x20000000, Load base: 0x08003530, Size: 0x00011370, Max: 0x00020000, ABSOLUTE)

    Exec Addr    Load Addr    Size         Type   Attr      Idx    E Section Name        Object

    0x20000000   0x08003530   0x00000004   Data   RW          195    .data.pC            main.o
    0x20000004   0x08003534   0x00000004   PAD
    0x20000008        -       0x00000060   Zero   RW          281    .bss                c_w.l(libspace.o)
    0x20000068        -       0x00009004   Zero   RW          194    .bss.Control        main.o
    0x2000906c        -       0x00000002   Zero   RW           94    .bss.DataVar        eeprom.o
    0x2000906e        -       0x00003e80   Zero   RW           96    .bss.VarDataTab     eeprom.o
    0x2000ceee        -       0x00003e80   Zero   RW           95    .bss.VirtAddVarTab  eeprom.o
    0x20010d6e   0x08003534   0x00000002   PAD
    0x20010d70        -       0x00000200   Zero   RW          226    HEAP                startup_stm32f407xx.o
    0x20010f70        -       0x00000400   Zero   RW          225    STACK               startup_stm32f407xx.o


==============================================================================

Image component sizes


      Code (inc. data)   RO Data    RW Data    ZI Data      Debug   Object Name

      2720          0          0          0          0       7991   comunication.o
      2814          0          0          0          0      10111   control.o
      2286          0          0          0      32002       4217   eeprom.o
       524          0          0          0          0       6164   flash.o
      2090          8          0          0          0       6132   input.o
       102          0          0          4      36868       2371   main.o
      2070         16          0          0          0       4147   output.o
        64         26        392          0       1536        908   startup_stm32f407xx.o
       110          0          0          0          0       2802   system_stm32f4xx.o

    ----------------------------------------------------------------------
     12838         50        424          4      70412      44843   Object Totals
         0          0         32          0          0          0   (incl. Generated)
        58          0          0          0          6          0   (incl. Padding)

    ----------------------------------------------------------------------

      Code (inc. data)   RO Data    RW Data    ZI Data      Debug   Library Member Name

         8          0          0          0          0         68   __main.o
         0          0          0          0          0          0   __rtentry.o
        12          0          0          0          0          0   __rtentry2.o
         6          0          0          0          0          0   __rtentry4.o
        94          8          0          0          0          0   __scatter.o
        26          0          0          0          0          0   __scatter_copy.o
        28          0          0          0          0          0   __scatter_zi.o
        18          0          0          0          0         80   exit.o
         6          0          0          0          0        152   heapauxi.o
         0          0          0          0          0          0   indicate_semi.o
         2          0          0          0          0          0   libinit.o
         6          0          0          0          0          0   libinit2.o
         2          0          0          0          0          0   libshutdown.o
         2          0          0          0          0          0   libshutdown2.o
         8          4          0          0         96         68   libspace.o
         2          0          0          0          0          0   rtexit.o
        10          0          0          0          0          0   rtexit2.o
        12          4          0          0          0         68   sys_exit.o
        74          0          0          0          0         80   sys_stackheap_outer.o
         2          0          0          0          0         68   use_no_semi.o
        26          0          0          0          0        116   fpinit.o

    ----------------------------------------------------------------------
       354         16          0          0         96        700   Library Totals
        10          0          0          0          0          0   (incl. Padding)

    ----------------------------------------------------------------------

      Code (inc. data)   RO Data    RW Data    ZI Data      Debug   Library Name

       318         16          0          0         96        584   c_w.l
        26          0          0          0          0        116   fz_wm.l

    ----------------------------------------------------------------------
       354         16          0          0         96        700   Library Totals

    ----------------------------------------------------------------------

==============================================================================


      Code (inc. data)   RO Data    RW Data    ZI Data      Debug   

     13192         66        424          4      70508      45315   Grand Totals
     13192         66        424          4      70508      45315   ELF Image Totals
     13192         66        424          4          0          0   ROM Totals

==============================================================================

    Total RO  Size (Code + RO Data)                13616 (  13.30kB)
    Total RW  Size (RW Data + ZI Data)             70512 (  68.86kB)
    Total ROM Size (Code + RO Data + RW Data)      13620 (  13.30kB)

==============================================================================

